<?xml version="1.0" encoding="UTF-8"?>
<TestRun id="c7b1047e-6f69-4fd4-9334-77399827505a" name="Administrator@Z-WIN2003 2011-10-26 21:38:24" runUser="Z-WIN2003\Administrator" xmlns="http://microsoft.com/schemas/VisualStudio/TeamTest/2006">
  <TestRunConfiguration name="Local Test Run" id="71072b39-9a8c-434c-a568-678e8b0df091">
    <Description>This is a default test run configuration for a local test run.</Description>
    <Deployment runDeploymentRoot="D:\ProjectGallery\CodeSample\CSharp\TestProject2\TestResults\Administrator_Z-WIN2003 2011-10-26 21_38_24">
      <DeploymentItem filename="D:\软件测试\软件测试\操作题练习\3\testNetFunction.dll" />
    </Deployment>
    <TestTypeSpecific />
  </TestRunConfiguration>
  <ResultSummary outcome="Failed">
    <Counters total="27" executed="27" passed="25" error="0" failed="2" timeout="0" aborted="0" inconclusive="0" passedButRunAborted="0" notRunnable="0" notExecuted="0" disconnected="0" warning="0" completed="0" inProgress="0" pending="0" />
  </ResultSummary>
  <Times creation="2011-10-26T21:38:24.9375000+08:00" queuing="2011-10-26T21:38:25.9218750+08:00" start="2011-10-26T21:38:26.0468750+08:00" finish="2011-10-26T21:38:29.2187500+08:00" />
  <TestDefinitions>
    <UnitTest name="TestMethod10" storage="d:\projectgallery\codesample\csharp\testproject2\testproject2\bin\debug\testproject2.dll" id="2736b81d-8916-0ff5-a8e2-50b30630ea9f">
      <Css projectStructure="" iteration="" />
      <Owners>
        <Owner name="" />
      </Owners>
      <Execution id="c27bc639-0bd5-4563-8836-04334bff1425" />
      <TestMethod codeBase="D:\ProjectGallery\CodeSample\CSharp\TestProject2\TestProject2\bin\Debug\TestProject2.dll" adapterTypeName="Microsoft.VisualStudio.TestTools.TestTypes.Unit.UnitTestAdapter, Microsoft.VisualStudio.QualityTools.Tips.UnitTest.Adapter, Version=9.0.0.0, Culture=neutral, PublicKeyToken=b03f5f7f11d50a3a" className="TestProject2.UnitTest1, TestProject2" name="TestMethod10" />
    </UnitTest>
    <UnitTest name="TestMethod2" storage="d:\projectgallery\codesample\csharp\testproject2\testproject2\bin\debug\testproject2.dll" id="762813a8-6a9a-e8e5-34d5-f448a5291c4a">
      <Css projectStructure="" iteration="" />
      <Owners>
        <Owner name="" />
      </Owners>
      <Execution id="1bbdd911-a464-4f4b-bdef-7226a4b3e4ef" />
      <TestMethod codeBase="D:\ProjectGallery\CodeSample\CSharp\TestProject2\TestProject2\bin\Debug\TestProject2.dll" adapterTypeName="Microsoft.VisualStudio.TestTools.TestTypes.Unit.UnitTestAdapter, Microsoft.VisualStudio.QualityTools.Tips.UnitTest.Adapter, Version=9.0.0.0, Culture=neutral, PublicKeyToken=b03f5f7f11d50a3a" className="TestProject2.UnitTest1, TestProject2" name="TestMethod2" />
    </UnitTest>
    <UnitTest name="TestMethod17" storage="d:\projectgallery\codesample\csharp\testproject2\testproject2\bin\debug\testproject2.dll" id="e3f31934-8db8-02a6-40b7-a8e9fd516ff2">
      <Css projectStructure="" iteration="" />
      <Owners>
        <Owner name="" />
      </Owners>
      <Execution id="23b4d8a6-c798-41ae-b0b7-a7525bdef901" />
      <TestMethod codeBase="D:\ProjectGallery\CodeSample\CSharp\TestProject2\TestProject2\bin\Debug\TestProject2.dll" adapterTypeName="Microsoft.VisualStudio.TestTools.TestTypes.Unit.UnitTestAdapter, Microsoft.VisualStudio.QualityTools.Tips.UnitTest.Adapter, Version=9.0.0.0, Culture=neutral, PublicKeyToken=b03f5f7f11d50a3a" className="TestProject2.UnitTest1, TestProject2" name="TestMethod17" />
    </UnitTest>
    <UnitTest name="TestMethod8" storage="d:\projectgallery\codesample\csharp\testproject2\testproject2\bin\debug\testproject2.dll" id="4465fbbc-af6e-9c59-5302-7c7cc5a1e89c">
      <Css projectStructure="" iteration="" />
      <Owners>
        <Owner name="" />
      </Owners>
      <Execution id="281efc6b-5e2d-445e-8f07-eb07e3c83771" />
      <TestMethod codeBase="D:\ProjectGallery\CodeSample\CSharp\TestProject2\TestProject2\bin\Debug\TestProject2.dll" adapterTypeName="Microsoft.VisualStudio.TestTools.TestTypes.Unit.UnitTestAdapter, Microsoft.VisualStudio.QualityTools.Tips.UnitTest.Adapter, Version=9.0.0.0, Culture=neutral, PublicKeyToken=b03f5f7f11d50a3a" className="TestProject2.UnitTest1, TestProject2" name="TestMethod8" />
    </UnitTest>
    <UnitTest name="TestMethod25" storage="d:\projectgallery\codesample\csharp\testproject2\testproject2\bin\debug\testproject2.dll" id="c10a87f3-f55f-b4f8-2c54-f90496d47f9f">
      <Css projectStructure="" iteration="" />
      <Owners>
        <Owner name="" />
      </Owners>
      <Execution id="11f66937-b245-4e08-ac81-8de2f3d01175" />
      <TestMethod codeBase="D:\ProjectGallery\CodeSample\CSharp\TestProject2\TestProject2\bin\Debug\TestProject2.dll" adapterTypeName="Microsoft.VisualStudio.TestTools.TestTypes.Unit.UnitTestAdapter, Microsoft.VisualStudio.QualityTools.Tips.UnitTest.Adapter, Version=9.0.0.0, Culture=neutral, PublicKeyToken=b03f5f7f11d50a3a" className="TestProject2.UnitTest1, TestProject2" name="TestMethod25" />
    </UnitTest>
    <UnitTest name="TestMethod21" storage="d:\projectgallery\codesample\csharp\testproject2\testproject2\bin\debug\testproject2.dll" id="3ec74716-0db3-b2a1-7beb-92d397559f67">
      <Css projectStructure="" iteration="" />
      <Owners>
        <Owner name="" />
      </Owners>
      <Execution id="df494ba6-0785-4dca-a35e-03aa383bf45b" />
      <TestMethod codeBase="D:\ProjectGallery\CodeSample\CSharp\TestProject2\TestProject2\bin\Debug\TestProject2.dll" adapterTypeName="Microsoft.VisualStudio.TestTools.TestTypes.Unit.UnitTestAdapter, Microsoft.VisualStudio.QualityTools.Tips.UnitTest.Adapter, Version=9.0.0.0, Culture=neutral, PublicKeyToken=b03f5f7f11d50a3a" className="TestProject2.UnitTest1, TestProject2" name="TestMethod21" />
    </UnitTest>
    <UnitTest name="TestMethod7" storage="d:\projectgallery\codesample\csharp\testproject2\testproject2\bin\debug\testproject2.dll" id="d652f438-e1da-9bb6-2655-4cb51da4533b">
      <Css projectStructure="" iteration="" />
      <Owners>
        <Owner name="" />
      </Owners>
      <Execution id="8313fc22-64a0-4506-9cce-4e5754492f07" />
      <TestMethod codeBase="D:\ProjectGallery\CodeSample\CSharp\TestProject2\TestProject2\bin\Debug\TestProject2.dll" adapterTypeName="Microsoft.VisualStudio.TestTools.TestTypes.Unit.UnitTestAdapter, Microsoft.VisualStudio.QualityTools.Tips.UnitTest.Adapter, Version=9.0.0.0, Culture=neutral, PublicKeyToken=b03f5f7f11d50a3a" className="TestProject2.UnitTest1, TestProject2" name="TestMethod7" />
    </UnitTest>
    <UnitTest name="TestMethod19" storage="d:\projectgallery\codesample\csharp\testproject2\testproject2\bin\debug\testproject2.dll" id="971e4bc0-6257-f7f3-7f7d-7f44c4838e3e">
      <Css projectStructure="" iteration="" />
      <Owners>
        <Owner name="" />
      </Owners>
      <Execution id="d976d99c-0325-48cb-b7b1-a38d5fd66448" />
      <TestMethod codeBase="D:\ProjectGallery\CodeSample\CSharp\TestProject2\TestProject2\bin\Debug\TestProject2.dll" adapterTypeName="Microsoft.VisualStudio.TestTools.TestTypes.Unit.UnitTestAdapter, Microsoft.VisualStudio.QualityTools.Tips.UnitTest.Adapter, Version=9.0.0.0, Culture=neutral, PublicKeyToken=b03f5f7f11d50a3a" className="TestProject2.UnitTest1, TestProject2" name="TestMethod19" />
    </UnitTest>
    <UnitTest name="TestMethod22" storage="d:\projectgallery\codesample\csharp\testproject2\testproject2\bin\debug\testproject2.dll" id="40d2635e-eb0a-c511-212a-f0a7b81627ab">
      <Css projectStructure="" iteration="" />
      <Owners>
        <Owner name="" />
      </Owners>
      <Execution id="bc860398-f121-4e48-93a0-9d6af1835c12" />
      <TestMethod codeBase="D:\ProjectGallery\CodeSample\CSharp\TestProject2\TestProject2\bin\Debug\TestProject2.dll" adapterTypeName="Microsoft.VisualStudio.TestTools.TestTypes.Unit.UnitTestAdapter, Microsoft.VisualStudio.QualityTools.Tips.UnitTest.Adapter, Version=9.0.0.0, Culture=neutral, PublicKeyToken=b03f5f7f11d50a3a" className="TestProject2.UnitTest1, TestProject2" name="TestMethod22" />
    </UnitTest>
    <UnitTest name="TestMethod13" storage="d:\projectgallery\codesample\csharp\testproject2\testproject2\bin\debug\testproject2.dll" id="35e8db2b-38b7-44ae-c328-2db1e6afc837">
      <Css projectStructure="" iteration="" />
      <Owners>
        <Owner name="" />
      </Owners>
      <Execution id="00b881a4-991d-489e-9e00-fe2efe259081" />
      <TestMethod codeBase="D:\ProjectGallery\CodeSample\CSharp\TestProject2\TestProject2\bin\Debug\TestProject2.dll" adapterTypeName="Microsoft.VisualStudio.TestTools.TestTypes.Unit.UnitTestAdapter, Microsoft.VisualStudio.QualityTools.Tips.UnitTest.Adapter, Version=9.0.0.0, Culture=neutral, PublicKeyToken=b03f5f7f11d50a3a" className="TestProject2.UnitTest1, TestProject2" name="TestMethod13" />
    </UnitTest>
    <UnitTest name="TestMethod6" storage="d:\projectgallery\codesample\csharp\testproject2\testproject2\bin\debug\testproject2.dll" id="00dff670-db14-46d6-39ec-68fadb3ee92a">
      <Css projectStructure="" iteration="" />
      <Owners>
        <Owner name="" />
      </Owners>
      <Execution id="f55318ba-0cec-4770-b59a-e42eb1966556" />
      <TestMethod codeBase="D:\ProjectGallery\CodeSample\CSharp\TestProject2\TestProject2\bin\Debug\TestProject2.dll" adapterTypeName="Microsoft.VisualStudio.TestTools.TestTypes.Unit.UnitTestAdapter, Microsoft.VisualStudio.QualityTools.Tips.UnitTest.Adapter, Version=9.0.0.0, Culture=neutral, PublicKeyToken=b03f5f7f11d50a3a" className="TestProject2.UnitTest1, TestProject2" name="TestMethod6" />
    </UnitTest>
    <UnitTest name="TestMethod14" storage="d:\projectgallery\codesample\csharp\testproject2\testproject2\bin\debug\testproject2.dll" id="cc58c9aa-9cdd-2062-d22a-05a1ac2e369f">
      <Css projectStructure="" iteration="" />
      <Owners>
        <Owner name="" />
      </Owners>
      <Execution id="bf50159f-3f4b-477a-a44d-a229f13e4dd6" />
      <TestMethod codeBase="D:\ProjectGallery\CodeSample\CSharp\TestProject2\TestProject2\bin\Debug\TestProject2.dll" adapterTypeName="Microsoft.VisualStudio.TestTools.TestTypes.Unit.UnitTestAdapter, Microsoft.VisualStudio.QualityTools.Tips.UnitTest.Adapter, Version=9.0.0.0, Culture=neutral, PublicKeyToken=b03f5f7f11d50a3a" className="TestProject2.UnitTest1, TestProject2" name="TestMethod14" />
    </UnitTest>
    <UnitTest name="TestMethod15" storage="d:\projectgallery\codesample\csharp\testproject2\testproject2\bin\debug\testproject2.dll" id="88f80b40-852a-23b2-845c-21d338de5ea5">
      <Css projectStructure="" iteration="" />
      <Owners>
        <Owner name="" />
      </Owners>
      <Execution id="ae3ad1f5-f376-46e0-9f84-b1de640f233b" />
      <TestMethod codeBase="D:\ProjectGallery\CodeSample\CSharp\TestProject2\TestProject2\bin\Debug\TestProject2.dll" adapterTypeName="Microsoft.VisualStudio.TestTools.TestTypes.Unit.UnitTestAdapter, Microsoft.VisualStudio.QualityTools.Tips.UnitTest.Adapter, Version=9.0.0.0, Culture=neutral, PublicKeyToken=b03f5f7f11d50a3a" className="TestProject2.UnitTest1, TestProject2" name="TestMethod15" />
    </UnitTest>
    <UnitTest name="TestMethod11" storage="d:\projectgallery\codesample\csharp\testproject2\testproject2\bin\debug\testproject2.dll" id="57298fb1-5379-c2dd-1fcd-c5406524a873">
      <Css projectStructure="" iteration="" />
      <Owners>
        <Owner name="" />
      </Owners>
      <Execution id="f79c271c-e3c9-49ce-9657-cb0b69afa77f" />
      <TestMethod codeBase="D:\ProjectGallery\CodeSample\CSharp\TestProject2\TestProject2\bin\Debug\TestProject2.dll" adapterTypeName="Microsoft.VisualStudio.TestTools.TestTypes.Unit.UnitTestAdapter, Microsoft.VisualStudio.QualityTools.Tips.UnitTest.Adapter, Version=9.0.0.0, Culture=neutral, PublicKeyToken=b03f5f7f11d50a3a" className="TestProject2.UnitTest1, TestProject2" name="TestMethod11" />
    </UnitTest>
    <UnitTest name="TestMethod9" storage="d:\projectgallery\codesample\csharp\testproject2\testproject2\bin\debug\testproject2.dll" id="86cf0317-0809-3c23-a73a-f54de1b313f3">
      <Css projectStructure="" iteration="" />
      <Owners>
        <Owner name="" />
      </Owners>
      <Execution id="108656f9-0d28-42ce-8a20-84fd5d135b6d" />
      <TestMethod codeBase="D:\ProjectGallery\CodeSample\CSharp\TestProject2\TestProject2\bin\Debug\TestProject2.dll" adapterTypeName="Microsoft.VisualStudio.TestTools.TestTypes.Unit.UnitTestAdapter, Microsoft.VisualStudio.QualityTools.Tips.UnitTest.Adapter, Version=9.0.0.0, Culture=neutral, PublicKeyToken=b03f5f7f11d50a3a" className="TestProject2.UnitTest1, TestProject2" name="TestMethod9" />
    </UnitTest>
    <UnitTest name="TestMethod26" storage="d:\projectgallery\codesample\csharp\testproject2\testproject2\bin\debug\testproject2.dll" id="9af07fec-093d-208d-676f-215d752c4b9a">
      <Css projectStructure="" iteration="" />
      <Owners>
        <Owner name="" />
      </Owners>
      <Execution id="232402fa-c479-430c-b965-718dda43ff6b" />
      <TestMethod codeBase="D:\ProjectGallery\CodeSample\CSharp\TestProject2\TestProject2\bin\Debug\TestProject2.dll" adapterTypeName="Microsoft.VisualStudio.TestTools.TestTypes.Unit.UnitTestAdapter, Microsoft.VisualStudio.QualityTools.Tips.UnitTest.Adapter, Version=9.0.0.0, Culture=neutral, PublicKeyToken=b03f5f7f11d50a3a" className="TestProject2.UnitTest1, TestProject2" name="TestMethod26" />
    </UnitTest>
    <UnitTest name="TestMethod27" storage="d:\projectgallery\codesample\csharp\testproject2\testproject2\bin\debug\testproject2.dll" id="a59a1166-d09c-e374-a1d5-ca5ef9dcca62">
      <Css projectStructure="" iteration="" />
      <Owners>
        <Owner name="" />
      </Owners>
      <Execution id="a174daf2-6e77-4a2e-9a2d-94b8f6d7ff78" />
      <TestMethod codeBase="D:\ProjectGallery\CodeSample\CSharp\TestProject2\TestProject2\bin\Debug\TestProject2.dll" adapterTypeName="Microsoft.VisualStudio.TestTools.TestTypes.Unit.UnitTestAdapter, Microsoft.VisualStudio.QualityTools.Tips.UnitTest.Adapter, Version=9.0.0.0, Culture=neutral, PublicKeyToken=b03f5f7f11d50a3a" className="TestProject2.UnitTest1, TestProject2" name="TestMethod27" />
    </UnitTest>
    <UnitTest name="TestMethod20" storage="d:\projectgallery\codesample\csharp\testproject2\testproject2\bin\debug\testproject2.dll" id="cde990db-50ba-66a7-aa35-be206de14a17">
      <Css projectStructure="" iteration="" />
      <Owners>
        <Owner name="" />
      </Owners>
      <Execution id="1b56f185-089f-4ce5-bb69-21801938cc2b" />
      <TestMethod codeBase="D:\ProjectGallery\CodeSample\CSharp\TestProject2\TestProject2\bin\Debug\TestProject2.dll" adapterTypeName="Microsoft.VisualStudio.TestTools.TestTypes.Unit.UnitTestAdapter, Microsoft.VisualStudio.QualityTools.Tips.UnitTest.Adapter, Version=9.0.0.0, Culture=neutral, PublicKeyToken=b03f5f7f11d50a3a" className="TestProject2.UnitTest1, TestProject2" name="TestMethod20" />
    </UnitTest>
    <UnitTest name="TestMethod24" storage="d:\projectgallery\codesample\csharp\testproject2\testproject2\bin\debug\testproject2.dll" id="6492a128-3431-d287-b528-62cab5bf550e">
      <Css projectStructure="" iteration="" />
      <Owners>
        <Owner name="" />
      </Owners>
      <Execution id="64486ead-3109-41d9-aa79-6f85506601ec" />
      <TestMethod codeBase="D:\ProjectGallery\CodeSample\CSharp\TestProject2\TestProject2\bin\Debug\TestProject2.dll" adapterTypeName="Microsoft.VisualStudio.TestTools.TestTypes.Unit.UnitTestAdapter, Microsoft.VisualStudio.QualityTools.Tips.UnitTest.Adapter, Version=9.0.0.0, Culture=neutral, PublicKeyToken=b03f5f7f11d50a3a" className="TestProject2.UnitTest1, TestProject2" name="TestMethod24" />
    </UnitTest>
    <UnitTest name="TestMethod23" storage="d:\projectgallery\codesample\csharp\testproject2\testproject2\bin\debug\testproject2.dll" id="668164f6-681e-b5dc-c312-b453277eba8f">
      <Css projectStructure="" iteration="" />
      <Owners>
        <Owner name="" />
      </Owners>
      <Execution id="185baafe-c82d-49e2-a7a2-8eda50b1b084" />
      <TestMethod codeBase="D:\ProjectGallery\CodeSample\CSharp\TestProject2\TestProject2\bin\Debug\TestProject2.dll" adapterTypeName="Microsoft.VisualStudio.TestTools.TestTypes.Unit.UnitTestAdapter, Microsoft.VisualStudio.QualityTools.Tips.UnitTest.Adapter, Version=9.0.0.0, Culture=neutral, PublicKeyToken=b03f5f7f11d50a3a" className="TestProject2.UnitTest1, TestProject2" name="TestMethod23" />
    </UnitTest>
    <UnitTest name="TestMethod16" storage="d:\projectgallery\codesample\csharp\testproject2\testproject2\bin\debug\testproject2.dll" id="2f674f13-16cf-fe28-0a5b-5c72d89c9923">
      <Css projectStructure="" iteration="" />
      <Owners>
        <Owner name="" />
      </Owners>
      <Execution id="e6a73925-aadb-4928-b590-37c6d2cf1f82" />
      <TestMethod codeBase="D:\ProjectGallery\CodeSample\CSharp\TestProject2\TestProject2\bin\Debug\TestProject2.dll" adapterTypeName="Microsoft.VisualStudio.TestTools.TestTypes.Unit.UnitTestAdapter, Microsoft.VisualStudio.QualityTools.Tips.UnitTest.Adapter, Version=9.0.0.0, Culture=neutral, PublicKeyToken=b03f5f7f11d50a3a" className="TestProject2.UnitTest1, TestProject2" name="TestMethod16" />
    </UnitTest>
    <UnitTest name="TestMethod12" storage="d:\projectgallery\codesample\csharp\testproject2\testproject2\bin\debug\testproject2.dll" id="d4178c5f-56de-4eeb-9967-abf72c42fd30">
      <Css projectStructure="" iteration="" />
      <Owners>
        <Owner name="" />
      </Owners>
      <Execution id="3e672b7d-9625-4c88-be0c-2d10610e0df4" />
      <TestMethod codeBase="D:\ProjectGallery\CodeSample\CSharp\TestProject2\TestProject2\bin\Debug\TestProject2.dll" adapterTypeName="Microsoft.VisualStudio.TestTools.TestTypes.Unit.UnitTestAdapter, Microsoft.VisualStudio.QualityTools.Tips.UnitTest.Adapter, Version=9.0.0.0, Culture=neutral, PublicKeyToken=b03f5f7f11d50a3a" className="TestProject2.UnitTest1, TestProject2" name="TestMethod12" />
    </UnitTest>
    <UnitTest name="TestMethod1" storage="d:\projectgallery\codesample\csharp\testproject2\testproject2\bin\debug\testproject2.dll" id="b96f2172-51f7-3767-573a-01ebaf3120be">
      <Css projectStructure="" iteration="" />
      <Owners>
        <Owner name="" />
      </Owners>
      <Execution id="350893bc-0a51-4355-9c10-0a54c2b95f13" />
      <TestMethod codeBase="D:\ProjectGallery\CodeSample\CSharp\TestProject2\TestProject2\bin\Debug\TestProject2.dll" adapterTypeName="Microsoft.VisualStudio.TestTools.TestTypes.Unit.UnitTestAdapter, Microsoft.VisualStudio.QualityTools.Tips.UnitTest.Adapter, Version=9.0.0.0, Culture=neutral, PublicKeyToken=b03f5f7f11d50a3a" className="TestProject2.UnitTest1, TestProject2" name="TestMethod1" />
    </UnitTest>
    <UnitTest name="TestMethod5" storage="d:\projectgallery\codesample\csharp\testproject2\testproject2\bin\debug\testproject2.dll" id="f9492d7d-41bc-5e0d-be4f-0d99271a58f2">
      <Css projectStructure="" iteration="" />
      <Owners>
        <Owner name="" />
      </Owners>
      <Execution id="d384026e-d89a-4fe4-89ba-628b98880f33" />
      <TestMethod codeBase="D:\ProjectGallery\CodeSample\CSharp\TestProject2\TestProject2\bin\Debug\TestProject2.dll" adapterTypeName="Microsoft.VisualStudio.TestTools.TestTypes.Unit.UnitTestAdapter, Microsoft.VisualStudio.QualityTools.Tips.UnitTest.Adapter, Version=9.0.0.0, Culture=neutral, PublicKeyToken=b03f5f7f11d50a3a" className="TestProject2.UnitTest1, TestProject2" name="TestMethod5" />
    </UnitTest>
    <UnitTest name="TestMethod3" storage="d:\projectgallery\codesample\csharp\testproject2\testproject2\bin\debug\testproject2.dll" id="de54fb41-c068-3f0d-9734-2d7b4221bcb6">
      <Css projectStructure="" iteration="" />
      <Owners>
        <Owner name="" />
      </Owners>
      <Execution id="5f116e5a-fe9b-4336-9d39-ec3487580137" />
      <TestMethod codeBase="D:\ProjectGallery\CodeSample\CSharp\TestProject2\TestProject2\bin\Debug\TestProject2.dll" adapterTypeName="Microsoft.VisualStudio.TestTools.TestTypes.Unit.UnitTestAdapter, Microsoft.VisualStudio.QualityTools.Tips.UnitTest.Adapter, Version=9.0.0.0, Culture=neutral, PublicKeyToken=b03f5f7f11d50a3a" className="TestProject2.UnitTest1, TestProject2" name="TestMethod3" />
    </UnitTest>
    <UnitTest name="TestMethod18" storage="d:\projectgallery\codesample\csharp\testproject2\testproject2\bin\debug\testproject2.dll" id="2e296952-f8e3-b213-b422-5836278df5d6">
      <Css projectStructure="" iteration="" />
      <Owners>
        <Owner name="" />
      </Owners>
      <Execution id="fc39cd5e-d055-460f-914a-b1c450af5483" />
      <TestMethod codeBase="D:\ProjectGallery\CodeSample\CSharp\TestProject2\TestProject2\bin\Debug\TestProject2.dll" adapterTypeName="Microsoft.VisualStudio.TestTools.TestTypes.Unit.UnitTestAdapter, Microsoft.VisualStudio.QualityTools.Tips.UnitTest.Adapter, Version=9.0.0.0, Culture=neutral, PublicKeyToken=b03f5f7f11d50a3a" className="TestProject2.UnitTest1, TestProject2" name="TestMethod18" />
    </UnitTest>
    <UnitTest name="TestMethod4" storage="d:\projectgallery\codesample\csharp\testproject2\testproject2\bin\debug\testproject2.dll" id="33768df0-1e8b-f14c-d274-0837fda6f1ba">
      <Css projectStructure="" iteration="" />
      <Owners>
        <Owner name="" />
      </Owners>
      <Execution id="c89f455f-c9ee-41b3-9376-92e2f7d423ba" />
      <TestMethod codeBase="D:\ProjectGallery\CodeSample\CSharp\TestProject2\TestProject2\bin\Debug\TestProject2.dll" adapterTypeName="Microsoft.VisualStudio.TestTools.TestTypes.Unit.UnitTestAdapter, Microsoft.VisualStudio.QualityTools.Tips.UnitTest.Adapter, Version=9.0.0.0, Culture=neutral, PublicKeyToken=b03f5f7f11d50a3a" className="TestProject2.UnitTest1, TestProject2" name="TestMethod4" />
    </UnitTest>
  </TestDefinitions>
  <TestLists>
    <TestList name="Results Not in a List" id="8c84fa94-04c1-424b-9868-57a2d4851a1d" />
    <TestList name="All Loaded Results" id="19431567-8539-422a-85d7-44ee4e166bda" />
  </TestLists>
  <TestEntries>
    <TestEntry testId="00dff670-db14-46d6-39ec-68fadb3ee92a" executionId="f55318ba-0cec-4770-b59a-e42eb1966556" testListId="8c84fa94-04c1-424b-9868-57a2d4851a1d" />
    <TestEntry testId="2736b81d-8916-0ff5-a8e2-50b30630ea9f" executionId="c27bc639-0bd5-4563-8836-04334bff1425" testListId="8c84fa94-04c1-424b-9868-57a2d4851a1d" />
    <TestEntry testId="2e296952-f8e3-b213-b422-5836278df5d6" executionId="fc39cd5e-d055-460f-914a-b1c450af5483" testListId="8c84fa94-04c1-424b-9868-57a2d4851a1d" />
    <TestEntry testId="2f674f13-16cf-fe28-0a5b-5c72d89c9923" executionId="e6a73925-aadb-4928-b590-37c6d2cf1f82" testListId="8c84fa94-04c1-424b-9868-57a2d4851a1d" />
    <TestEntry testId="33768df0-1e8b-f14c-d274-0837fda6f1ba" executionId="c89f455f-c9ee-41b3-9376-92e2f7d423ba" testListId="8c84fa94-04c1-424b-9868-57a2d4851a1d" />
    <TestEntry testId="35e8db2b-38b7-44ae-c328-2db1e6afc837" executionId="00b881a4-991d-489e-9e00-fe2efe259081" testListId="8c84fa94-04c1-424b-9868-57a2d4851a1d" />
    <TestEntry testId="3ec74716-0db3-b2a1-7beb-92d397559f67" executionId="df494ba6-0785-4dca-a35e-03aa383bf45b" testListId="8c84fa94-04c1-424b-9868-57a2d4851a1d" />
    <TestEntry testId="40d2635e-eb0a-c511-212a-f0a7b81627ab" executionId="bc860398-f121-4e48-93a0-9d6af1835c12" testListId="8c84fa94-04c1-424b-9868-57a2d4851a1d" />
    <TestEntry testId="4465fbbc-af6e-9c59-5302-7c7cc5a1e89c" executionId="281efc6b-5e2d-445e-8f07-eb07e3c83771" testListId="8c84fa94-04c1-424b-9868-57a2d4851a1d" />
    <TestEntry testId="57298fb1-5379-c2dd-1fcd-c5406524a873" executionId="f79c271c-e3c9-49ce-9657-cb0b69afa77f" testListId="8c84fa94-04c1-424b-9868-57a2d4851a1d" />
    <TestEntry testId="6492a128-3431-d287-b528-62cab5bf550e" executionId="64486ead-3109-41d9-aa79-6f85506601ec" testListId="8c84fa94-04c1-424b-9868-57a2d4851a1d" />
    <TestEntry testId="668164f6-681e-b5dc-c312-b453277eba8f" executionId="185baafe-c82d-49e2-a7a2-8eda50b1b084" testListId="8c84fa94-04c1-424b-9868-57a2d4851a1d" />
    <TestEntry testId="762813a8-6a9a-e8e5-34d5-f448a5291c4a" executionId="1bbdd911-a464-4f4b-bdef-7226a4b3e4ef" testListId="8c84fa94-04c1-424b-9868-57a2d4851a1d" />
    <TestEntry testId="86cf0317-0809-3c23-a73a-f54de1b313f3" executionId="108656f9-0d28-42ce-8a20-84fd5d135b6d" testListId="8c84fa94-04c1-424b-9868-57a2d4851a1d" />
    <TestEntry testId="88f80b40-852a-23b2-845c-21d338de5ea5" executionId="ae3ad1f5-f376-46e0-9f84-b1de640f233b" testListId="8c84fa94-04c1-424b-9868-57a2d4851a1d" />
    <TestEntry testId="971e4bc0-6257-f7f3-7f7d-7f44c4838e3e" executionId="d976d99c-0325-48cb-b7b1-a38d5fd66448" testListId="8c84fa94-04c1-424b-9868-57a2d4851a1d" />
    <TestEntry testId="9af07fec-093d-208d-676f-215d752c4b9a" executionId="232402fa-c479-430c-b965-718dda43ff6b" testListId="8c84fa94-04c1-424b-9868-57a2d4851a1d" />
    <TestEntry testId="a59a1166-d09c-e374-a1d5-ca5ef9dcca62" executionId="a174daf2-6e77-4a2e-9a2d-94b8f6d7ff78" testListId="8c84fa94-04c1-424b-9868-57a2d4851a1d" />
    <TestEntry testId="b96f2172-51f7-3767-573a-01ebaf3120be" executionId="350893bc-0a51-4355-9c10-0a54c2b95f13" testListId="8c84fa94-04c1-424b-9868-57a2d4851a1d" />
    <TestEntry testId="c10a87f3-f55f-b4f8-2c54-f90496d47f9f" executionId="11f66937-b245-4e08-ac81-8de2f3d01175" testListId="8c84fa94-04c1-424b-9868-57a2d4851a1d" />
    <TestEntry testId="cc58c9aa-9cdd-2062-d22a-05a1ac2e369f" executionId="bf50159f-3f4b-477a-a44d-a229f13e4dd6" testListId="8c84fa94-04c1-424b-9868-57a2d4851a1d" />
    <TestEntry testId="cde990db-50ba-66a7-aa35-be206de14a17" executionId="1b56f185-089f-4ce5-bb69-21801938cc2b" testListId="8c84fa94-04c1-424b-9868-57a2d4851a1d" />
    <TestEntry testId="d4178c5f-56de-4eeb-9967-abf72c42fd30" executionId="3e672b7d-9625-4c88-be0c-2d10610e0df4" testListId="8c84fa94-04c1-424b-9868-57a2d4851a1d" />
    <TestEntry testId="d652f438-e1da-9bb6-2655-4cb51da4533b" executionId="8313fc22-64a0-4506-9cce-4e5754492f07" testListId="8c84fa94-04c1-424b-9868-57a2d4851a1d" />
    <TestEntry testId="de54fb41-c068-3f0d-9734-2d7b4221bcb6" executionId="5f116e5a-fe9b-4336-9d39-ec3487580137" testListId="8c84fa94-04c1-424b-9868-57a2d4851a1d" />
    <TestEntry testId="e3f31934-8db8-02a6-40b7-a8e9fd516ff2" executionId="23b4d8a6-c798-41ae-b0b7-a7525bdef901" testListId="8c84fa94-04c1-424b-9868-57a2d4851a1d" />
    <TestEntry testId="f9492d7d-41bc-5e0d-be4f-0d99271a58f2" executionId="d384026e-d89a-4fe4-89ba-628b98880f33" testListId="8c84fa94-04c1-424b-9868-57a2d4851a1d" />
  </TestEntries>
  <Results>
    <UnitTestResult executionId="f55318ba-0cec-4770-b59a-e42eb1966556" testId="00dff670-db14-46d6-39ec-68fadb3ee92a" testName="TestMethod6" computerName="Z-WIN2003" duration="00:00:00.0452568" startTime="2011-10-26T21:38:26.1093750+08:00" endTime="2011-10-26T21:38:28.0468750+08:00" testType="13cdc9d9-ddb5-4fa4-a97d-d965ccfc6d4b" outcome="Passed" testListId="8c84fa94-04c1-424b-9868-57a2d4851a1d">
      <Output>
      </Output>
    </UnitTestResult>
    <UnitTestResult executionId="c27bc639-0bd5-4563-8836-04334bff1425" testId="2736b81d-8916-0ff5-a8e2-50b30630ea9f" testName="TestMethod10" computerName="Z-WIN2003" duration="00:00:00.0006335" startTime="2011-10-26T21:38:28.0625000+08:00" endTime="2011-10-26T21:38:28.0625000+08:00" testType="13cdc9d9-ddb5-4fa4-a97d-d965ccfc6d4b" outcome="Passed" testListId="8c84fa94-04c1-424b-9868-57a2d4851a1d">
      <Output>
      </Output>
    </UnitTestResult>
    <UnitTestResult executionId="fc39cd5e-d055-460f-914a-b1c450af5483" testId="2e296952-f8e3-b213-b422-5836278df5d6" testName="TestMethod18" computerName="Z-WIN2003" duration="00:00:00.0006236" startTime="2011-10-26T21:38:28.0625000+08:00" endTime="2011-10-26T21:38:28.0781250+08:00" testType="13cdc9d9-ddb5-4fa4-a97d-d965ccfc6d4b" outcome="Passed" testListId="8c84fa94-04c1-424b-9868-57a2d4851a1d">
      <Output>
      </Output>
    </UnitTestResult>
    <UnitTestResult executionId="e6a73925-aadb-4928-b590-37c6d2cf1f82" testId="2f674f13-16cf-fe28-0a5b-5c72d89c9923" testName="TestMethod16" computerName="Z-WIN2003" duration="00:00:00.0006441" startTime="2011-10-26T21:38:28.0781250+08:00" endTime="2011-10-26T21:38:28.0937500+08:00" testType="13cdc9d9-ddb5-4fa4-a97d-d965ccfc6d4b" outcome="Passed" testListId="8c84fa94-04c1-424b-9868-57a2d4851a1d">
      <Output>
      </Output>
    </UnitTestResult>
    <UnitTestResult executionId="c89f455f-c9ee-41b3-9376-92e2f7d423ba" testId="33768df0-1e8b-f14c-d274-0837fda6f1ba" testName="TestMethod4" computerName="Z-WIN2003" duration="00:00:00.0007720" startTime="2011-10-26T21:38:28.0937500+08:00" endTime="2011-10-26T21:38:28.1093750+08:00" testType="13cdc9d9-ddb5-4fa4-a97d-d965ccfc6d4b" outcome="Passed" testListId="8c84fa94-04c1-424b-9868-57a2d4851a1d">
      <Output>
      </Output>
    </UnitTestResult>
    <UnitTestResult executionId="00b881a4-991d-489e-9e00-fe2efe259081" testId="35e8db2b-38b7-44ae-c328-2db1e6afc837" testName="TestMethod13" computerName="Z-WIN2003" duration="00:00:00.4774082" startTime="2011-10-26T21:38:28.1093750+08:00" endTime="2011-10-26T21:38:28.5937500+08:00" testType="13cdc9d9-ddb5-4fa4-a97d-d965ccfc6d4b" outcome="Failed" testListId="8c84fa94-04c1-424b-9868-57a2d4851a1d">
      <Output>
        <ErrorInfo>
          <Message>Assert.AreEqual failed. Expected:&lt;False&gt;. Actual:&lt;True&gt;. </Message>
          <StackTrace>   at TestProject2.UnitTest1.TestMethod13() in D:\ProjectGallery\CodeSample\CSharp\TestProject2\TestProject2\2.1.4.cs:line 130
</StackTrace>
        </ErrorInfo>
      </Output>
    </UnitTestResult>
    <UnitTestResult executionId="df494ba6-0785-4dca-a35e-03aa383bf45b" testId="3ec74716-0db3-b2a1-7beb-92d397559f67" testName="TestMethod21" computerName="Z-WIN2003" duration="00:00:00.0046074" startTime="2011-10-26T21:38:28.5937500+08:00" endTime="2011-10-26T21:38:28.6250000+08:00" testType="13cdc9d9-ddb5-4fa4-a97d-d965ccfc6d4b" outcome="Passed" testListId="8c84fa94-04c1-424b-9868-57a2d4851a1d">
      <Output>
      </Output>
    </UnitTestResult>
    <UnitTestResult executionId="bc860398-f121-4e48-93a0-9d6af1835c12" testId="40d2635e-eb0a-c511-212a-f0a7b81627ab" testName="TestMethod22" computerName="Z-WIN2003" duration="00:00:00.0039283" startTime="2011-10-26T21:38:28.6250000+08:00" endTime="2011-10-26T21:38:28.6562500+08:00" testType="13cdc9d9-ddb5-4fa4-a97d-d965ccfc6d4b" outcome="Passed" testListId="8c84fa94-04c1-424b-9868-57a2d4851a1d">
      <Output>
      </Output>
    </UnitTestResult>
    <UnitTestResult executionId="281efc6b-5e2d-445e-8f07-eb07e3c83771" testId="4465fbbc-af6e-9c59-5302-7c7cc5a1e89c" testName="TestMethod8" computerName="Z-WIN2003" duration="00:00:00.0018762" startTime="2011-10-26T21:38:28.6562500+08:00" endTime="2011-10-26T21:38:28.6875000+08:00" testType="13cdc9d9-ddb5-4fa4-a97d-d965ccfc6d4b" outcome="Passed" testListId="8c84fa94-04c1-424b-9868-57a2d4851a1d">
      <Output>
      </Output>
    </UnitTestResult>
    <UnitTestResult executionId="f79c271c-e3c9-49ce-9657-cb0b69afa77f" testId="57298fb1-5379-c2dd-1fcd-c5406524a873" testName="TestMethod11" computerName="Z-WIN2003" duration="00:00:00.0047457" startTime="2011-10-26T21:38:28.7187500+08:00" endTime="2011-10-26T21:38:28.7500000+08:00" testType="13cdc9d9-ddb5-4fa4-a97d-d965ccfc6d4b" outcome="Passed" testListId="8c84fa94-04c1-424b-9868-57a2d4851a1d">
      <Output>
      </Output>
    </UnitTestResult>
    <UnitTestResult executionId="64486ead-3109-41d9-aa79-6f85506601ec" testId="6492a128-3431-d287-b528-62cab5bf550e" testName="TestMethod24" computerName="Z-WIN2003" duration="00:00:00.0042096" startTime="2011-10-26T21:38:28.7500000+08:00" endTime="2011-10-26T21:38:28.7968750+08:00" testType="13cdc9d9-ddb5-4fa4-a97d-d965ccfc6d4b" outcome="Passed" testListId="8c84fa94-04c1-424b-9868-57a2d4851a1d">
      <Output>
      </Output>
    </UnitTestResult>
    <UnitTestResult executionId="185baafe-c82d-49e2-a7a2-8eda50b1b084" testId="668164f6-681e-b5dc-c312-b453277eba8f" testName="TestMethod23" computerName="Z-WIN2003" duration="00:00:00.0021500" startTime="2011-10-26T21:38:28.7968750+08:00" endTime="2011-10-26T21:38:28.8125000+08:00" testType="13cdc9d9-ddb5-4fa4-a97d-d965ccfc6d4b" outcome="Passed" testListId="8c84fa94-04c1-424b-9868-57a2d4851a1d">
      <Output>
      </Output>
    </UnitTestResult>
    <UnitTestResult executionId="1bbdd911-a464-4f4b-bdef-7226a4b3e4ef" testId="762813a8-6a9a-e8e5-34d5-f448a5291c4a" testName="TestMethod2" computerName="Z-WIN2003" duration="00:00:00.0039897" startTime="2011-10-26T21:38:28.8125000+08:00" endTime="2011-10-26T21:38:28.8437500+08:00" testType="13cdc9d9-ddb5-4fa4-a97d-d965ccfc6d4b" outcome="Passed" testListId="8c84fa94-04c1-424b-9868-57a2d4851a1d">
      <Output>
      </Output>
    </UnitTestResult>
    <UnitTestResult executionId="108656f9-0d28-42ce-8a20-84fd5d135b6d" testId="86cf0317-0809-3c23-a73a-f54de1b313f3" testName="TestMethod9" computerName="Z-WIN2003" duration="00:00:00.0054049" startTime="2011-10-26T21:38:28.8437500+08:00" endTime="2011-10-26T21:38:28.8593750+08:00" testType="13cdc9d9-ddb5-4fa4-a97d-d965ccfc6d4b" outcome="Passed" testListId="8c84fa94-04c1-424b-9868-57a2d4851a1d">
      <Output>
      </Output>
    </UnitTestResult>
    <UnitTestResult executionId="ae3ad1f5-f376-46e0-9f84-b1de640f233b" testId="88f80b40-852a-23b2-845c-21d338de5ea5" testName="TestMethod15" computerName="Z-WIN2003" duration="00:00:00.0010261" startTime="2011-10-26T21:38:28.8593750+08:00" endTime="2011-10-26T21:38:28.8750000+08:00" testType="13cdc9d9-ddb5-4fa4-a97d-d965ccfc6d4b" outcome="Passed" testListId="8c84fa94-04c1-424b-9868-57a2d4851a1d">
      <Output>
      </Output>
    </UnitTestResult>
    <UnitTestResult executionId="d976d99c-0325-48cb-b7b1-a38d5fd66448" testId="971e4bc0-6257-f7f3-7f7d-7f44c4838e3e" testName="TestMethod19" computerName="Z-WIN2003" duration="00:00:00.0055626" startTime="2011-10-26T21:38:28.9375000+08:00" endTime="2011-10-26T21:38:28.9531250+08:00" testType="13cdc9d9-ddb5-4fa4-a97d-d965ccfc6d4b" outcome="Passed" testListId="8c84fa94-04c1-424b-9868-57a2d4851a1d">
      <Output>
      </Output>
    </UnitTestResult>
    <UnitTestResult executionId="232402fa-c479-430c-b965-718dda43ff6b" testId="9af07fec-093d-208d-676f-215d752c4b9a" testName="TestMethod26" computerName="Z-WIN2003" duration="00:00:00.0028857" startTime="2011-10-26T21:38:28.9531250+08:00" endTime="2011-10-26T21:38:28.9687500+08:00" testType="13cdc9d9-ddb5-4fa4-a97d-d965ccfc6d4b" outcome="Failed" testListId="8c84fa94-04c1-424b-9868-57a2d4851a1d">
      <Output>
        <ErrorInfo>
          <Message>Assert.AreEqual failed. Expected:&lt;True&gt;. Actual:&lt;False&gt;. </Message>
          <StackTrace>   at TestProject2.UnitTest1.TestMethod26() in D:\ProjectGallery\CodeSample\CSharp\TestProject2\TestProject2\2.1.4.cs:line 247
</StackTrace>
        </ErrorInfo>
      </Output>
    </UnitTestResult>
    <UnitTestResult executionId="a174daf2-6e77-4a2e-9a2d-94b8f6d7ff78" testId="a59a1166-d09c-e374-a1d5-ca5ef9dcca62" testName="TestMethod27" computerName="Z-WIN2003" duration="00:00:00.0050340" startTime="2011-10-26T21:38:28.9687500+08:00" endTime="2011-10-26T21:38:29.0000000+08:00" testType="13cdc9d9-ddb5-4fa4-a97d-d965ccfc6d4b" outcome="Passed" testListId="8c84fa94-04c1-424b-9868-57a2d4851a1d">
      <Output>
      </Output>
    </UnitTestResult>
    <UnitTestResult executionId="350893bc-0a51-4355-9c10-0a54c2b95f13" testId="b96f2172-51f7-3767-573a-01ebaf3120be" testName="TestMethod1" computerName="Z-WIN2003" duration="00:00:00.0010482" startTime="2011-10-26T21:38:29.0000000+08:00" endTime="2011-10-26T21:38:29.0156250+08:00" testType="13cdc9d9-ddb5-4fa4-a97d-d965ccfc6d4b" outcome="Passed" testListId="8c84fa94-04c1-424b-9868-57a2d4851a1d">
      <Output>
      </Output>
    </UnitTestResult>
    <UnitTestResult executionId="11f66937-b245-4e08-ac81-8de2f3d01175" testId="c10a87f3-f55f-b4f8-2c54-f90496d47f9f" testName="TestMethod25" computerName="Z-WIN2003" duration="00:00:00.0013797" startTime="2011-10-26T21:38:29.0312500+08:00" endTime="2011-10-26T21:38:29.0468750+08:00" testType="13cdc9d9-ddb5-4fa4-a97d-d965ccfc6d4b" outcome="Passed" testListId="8c84fa94-04c1-424b-9868-57a2d4851a1d">
      <Output>
      </Output>
    </UnitTestResult>
    <UnitTestResult executionId="bf50159f-3f4b-477a-a44d-a229f13e4dd6" testId="cc58c9aa-9cdd-2062-d22a-05a1ac2e369f" testName="TestMethod14" computerName="Z-WIN2003" duration="00:00:00.0039543" startTime="2011-10-26T21:38:29.0468750+08:00" endTime="2011-10-26T21:38:29.0781250+08:00" testType="13cdc9d9-ddb5-4fa4-a97d-d965ccfc6d4b" outcome="Passed" testListId="8c84fa94-04c1-424b-9868-57a2d4851a1d">
      <Output>
      </Output>
    </UnitTestResult>
    <UnitTestResult executionId="1b56f185-089f-4ce5-bb69-21801938cc2b" testId="cde990db-50ba-66a7-aa35-be206de14a17" testName="TestMethod20" computerName="Z-WIN2003" duration="00:00:00.0009354" startTime="2011-10-26T21:38:29.0937500+08:00" endTime="2011-10-26T21:38:29.1093750+08:00" testType="13cdc9d9-ddb5-4fa4-a97d-d965ccfc6d4b" outcome="Passed" testListId="8c84fa94-04c1-424b-9868-57a2d4851a1d">
      <Output>
      </Output>
    </UnitTestResult>
    <UnitTestResult executionId="3e672b7d-9625-4c88-be0c-2d10610e0df4" testId="d4178c5f-56de-4eeb-9967-abf72c42fd30" testName="TestMethod12" computerName="Z-WIN2003" duration="00:00:00.0025017" startTime="2011-10-26T21:38:29.1093750+08:00" endTime="2011-10-26T21:38:29.1250000+08:00" testType="13cdc9d9-ddb5-4fa4-a97d-d965ccfc6d4b" outcome="Passed" testListId="8c84fa94-04c1-424b-9868-57a2d4851a1d">
      <Output>
      </Output>
    </UnitTestResult>
    <UnitTestResult executionId="8313fc22-64a0-4506-9cce-4e5754492f07" testId="d652f438-e1da-9bb6-2655-4cb51da4533b" testName="TestMethod7" computerName="Z-WIN2003" duration="00:00:00.0006172" startTime="2011-10-26T21:38:29.1250000+08:00" endTime="2011-10-26T21:38:29.1406250+08:00" testType="13cdc9d9-ddb5-4fa4-a97d-d965ccfc6d4b" outcome="Passed" testListId="8c84fa94-04c1-424b-9868-57a2d4851a1d">
      <Output>
      </Output>
    </UnitTestResult>
    <UnitTestResult executionId="5f116e5a-fe9b-4336-9d39-ec3487580137" testId="de54fb41-c068-3f0d-9734-2d7b4221bcb6" testName="TestMethod3" computerName="Z-WIN2003" duration="00:00:00.0006300" startTime="2011-10-26T21:38:29.1406250+08:00" endTime="2011-10-26T21:38:29.1562500+08:00" testType="13cdc9d9-ddb5-4fa4-a97d-d965ccfc6d4b" outcome="Passed" testListId="8c84fa94-04c1-424b-9868-57a2d4851a1d">
      <Output>
      </Output>
    </UnitTestResult>
    <UnitTestResult executionId="23b4d8a6-c798-41ae-b0b7-a7525bdef901" testId="e3f31934-8db8-02a6-40b7-a8e9fd516ff2" testName="TestMethod17" computerName="Z-WIN2003" duration="00:00:00.0006351" startTime="2011-10-26T21:38:29.1562500+08:00" endTime="2011-10-26T21:38:29.1718750+08:00" testType="13cdc9d9-ddb5-4fa4-a97d-d965ccfc6d4b" outcome="Passed" testListId="8c84fa94-04c1-424b-9868-57a2d4851a1d">
      <Output>
      </Output>
    </UnitTestResult>
    <UnitTestResult executionId="d384026e-d89a-4fe4-89ba-628b98880f33" testId="f9492d7d-41bc-5e0d-be4f-0d99271a58f2" testName="TestMethod5" computerName="Z-WIN2003" duration="00:00:00.0018149" startTime="2011-10-26T21:38:29.1718750+08:00" endTime="2011-10-26T21:38:29.1875000+08:00" testType="13cdc9d9-ddb5-4fa4-a97d-d965ccfc6d4b" outcome="Passed" testListId="8c84fa94-04c1-424b-9868-57a2d4851a1d">
      <Output>
      </Output>
    </UnitTestResult>
  </Results>
</TestRun>