<?xml version="1.0" encoding="UTF-8"?>
<TestRun id="4f000440-2dab-4d7c-a943-ebc5a46a443a" name="Administrator@Z-WIN2003 2011-10-26 21:44:39" runUser="Z-WIN2003\Administrator" xmlns="http://microsoft.com/schemas/VisualStudio/TeamTest/2006">
  <TestRunConfiguration name="Local Test Run" id="71072b39-9a8c-434c-a568-678e8b0df091">
    <Description>This is a default test run configuration for a local test run.</Description>
    <Deployment runDeploymentRoot="D:\ProjectGallery\CodeSample\CSharp\TestProject2\TestResults\Administrator_Z-WIN2003 2011-10-26 21_44_39">
      <DeploymentItem filename="D:\软件测试\软件测试\操作题练习\3\testNetFunction.dll" />
    </Deployment>
    <TestTypeSpecific />
  </TestRunConfiguration>
  <ResultSummary outcome="Failed">
    <Counters total="28" executed="28" passed="26" error="0" failed="2" timeout="0" aborted="0" inconclusive="0" passedButRunAborted="0" notRunnable="0" notExecuted="0" disconnected="0" warning="0" completed="0" inProgress="0" pending="0" />
  </ResultSummary>
  <Times creation="2011-10-26T21:44:39.4375000+08:00" queuing="2011-10-26T21:44:40.3437500+08:00" start="2011-10-26T21:44:40.4062500+08:00" finish="2011-10-26T21:44:43.6250000+08:00" />
  <TestDefinitions>
    <UnitTest name="TestMethod10" storage="d:\projectgallery\codesample\csharp\testproject2\testproject2\bin\debug\testproject2.dll" id="2736b81d-8916-0ff5-a8e2-50b30630ea9f">
      <Css projectStructure="" iteration="" />
      <Owners>
        <Owner name="" />
      </Owners>
      <Execution id="aae80de8-c4aa-44d2-8f06-3e3d1c1ac69f" />
      <TestMethod codeBase="D:\ProjectGallery\CodeSample\CSharp\TestProject2\TestProject2\bin\Debug\TestProject2.dll" adapterTypeName="Microsoft.VisualStudio.TestTools.TestTypes.Unit.UnitTestAdapter, Microsoft.VisualStudio.QualityTools.Tips.UnitTest.Adapter, Version=9.0.0.0, Culture=neutral, PublicKeyToken=b03f5f7f11d50a3a" className="TestProject2.UnitTest1, TestProject2" name="TestMethod10" />
    </UnitTest>
    <UnitTest name="TestMethod2" storage="d:\projectgallery\codesample\csharp\testproject2\testproject2\bin\debug\testproject2.dll" id="762813a8-6a9a-e8e5-34d5-f448a5291c4a">
      <Css projectStructure="" iteration="" />
      <Owners>
        <Owner name="" />
      </Owners>
      <Execution id="e64185fc-4c16-4846-8fde-0081de78d7f5" />
      <TestMethod codeBase="D:\ProjectGallery\CodeSample\CSharp\TestProject2\TestProject2\bin\Debug\TestProject2.dll" adapterTypeName="Microsoft.VisualStudio.TestTools.TestTypes.Unit.UnitTestAdapter, Microsoft.VisualStudio.QualityTools.Tips.UnitTest.Adapter, Version=9.0.0.0, Culture=neutral, PublicKeyToken=b03f5f7f11d50a3a" className="TestProject2.UnitTest1, TestProject2" name="TestMethod2" />
    </UnitTest>
    <UnitTest name="TestMethod28" storage="d:\projectgallery\codesample\csharp\testproject2\testproject2\bin\debug\testproject2.dll" id="62d53c57-5687-707d-267d-51238e80e8cf">
      <Css projectStructure="" iteration="" />
      <Owners>
        <Owner name="" />
      </Owners>
      <Execution id="b2a21078-3573-4ffe-9fd6-ab2ecec13cdf" />
      <TestMethod codeBase="D:\ProjectGallery\CodeSample\CSharp\TestProject2\TestProject2\bin\Debug\TestProject2.dll" adapterTypeName="Microsoft.VisualStudio.TestTools.TestTypes.Unit.UnitTestAdapter, Microsoft.VisualStudio.QualityTools.Tips.UnitTest.Adapter, Version=9.0.0.0, Culture=neutral, PublicKeyToken=b03f5f7f11d50a3a" className="TestProject2.UnitTest1, TestProject2" name="TestMethod28" />
    </UnitTest>
    <UnitTest name="TestMethod8" storage="d:\projectgallery\codesample\csharp\testproject2\testproject2\bin\debug\testproject2.dll" id="4465fbbc-af6e-9c59-5302-7c7cc5a1e89c">
      <Css projectStructure="" iteration="" />
      <Owners>
        <Owner name="" />
      </Owners>
      <Execution id="5fa2a348-f096-458d-aecb-6a5e57f251ec" />
      <TestMethod codeBase="D:\ProjectGallery\CodeSample\CSharp\TestProject2\TestProject2\bin\Debug\TestProject2.dll" adapterTypeName="Microsoft.VisualStudio.TestTools.TestTypes.Unit.UnitTestAdapter, Microsoft.VisualStudio.QualityTools.Tips.UnitTest.Adapter, Version=9.0.0.0, Culture=neutral, PublicKeyToken=b03f5f7f11d50a3a" className="TestProject2.UnitTest1, TestProject2" name="TestMethod8" />
    </UnitTest>
    <UnitTest name="TestMethod25" storage="d:\projectgallery\codesample\csharp\testproject2\testproject2\bin\debug\testproject2.dll" id="c10a87f3-f55f-b4f8-2c54-f90496d47f9f">
      <Css projectStructure="" iteration="" />
      <Owners>
        <Owner name="" />
      </Owners>
      <Execution id="cae4db29-0804-4fb5-8180-94a38aa1658d" />
      <TestMethod codeBase="D:\ProjectGallery\CodeSample\CSharp\TestProject2\TestProject2\bin\Debug\TestProject2.dll" adapterTypeName="Microsoft.VisualStudio.TestTools.TestTypes.Unit.UnitTestAdapter, Microsoft.VisualStudio.QualityTools.Tips.UnitTest.Adapter, Version=9.0.0.0, Culture=neutral, PublicKeyToken=b03f5f7f11d50a3a" className="TestProject2.UnitTest1, TestProject2" name="TestMethod25" />
    </UnitTest>
    <UnitTest name="TestMethod21" storage="d:\projectgallery\codesample\csharp\testproject2\testproject2\bin\debug\testproject2.dll" id="3ec74716-0db3-b2a1-7beb-92d397559f67">
      <Css projectStructure="" iteration="" />
      <Owners>
        <Owner name="" />
      </Owners>
      <Execution id="0cacb3cc-c81f-4eba-8468-e1c49fc8c428" />
      <TestMethod codeBase="D:\ProjectGallery\CodeSample\CSharp\TestProject2\TestProject2\bin\Debug\TestProject2.dll" adapterTypeName="Microsoft.VisualStudio.TestTools.TestTypes.Unit.UnitTestAdapter, Microsoft.VisualStudio.QualityTools.Tips.UnitTest.Adapter, Version=9.0.0.0, Culture=neutral, PublicKeyToken=b03f5f7f11d50a3a" className="TestProject2.UnitTest1, TestProject2" name="TestMethod21" />
    </UnitTest>
    <UnitTest name="TestMethod7" storage="d:\projectgallery\codesample\csharp\testproject2\testproject2\bin\debug\testproject2.dll" id="d652f438-e1da-9bb6-2655-4cb51da4533b">
      <Css projectStructure="" iteration="" />
      <Owners>
        <Owner name="" />
      </Owners>
      <Execution id="342adeb8-60b4-4b36-8f2a-b93d57652f47" />
      <TestMethod codeBase="D:\ProjectGallery\CodeSample\CSharp\TestProject2\TestProject2\bin\Debug\TestProject2.dll" adapterTypeName="Microsoft.VisualStudio.TestTools.TestTypes.Unit.UnitTestAdapter, Microsoft.VisualStudio.QualityTools.Tips.UnitTest.Adapter, Version=9.0.0.0, Culture=neutral, PublicKeyToken=b03f5f7f11d50a3a" className="TestProject2.UnitTest1, TestProject2" name="TestMethod7" />
    </UnitTest>
    <UnitTest name="TestMethod19" storage="d:\projectgallery\codesample\csharp\testproject2\testproject2\bin\debug\testproject2.dll" id="971e4bc0-6257-f7f3-7f7d-7f44c4838e3e">
      <Css projectStructure="" iteration="" />
      <Owners>
        <Owner name="" />
      </Owners>
      <Execution id="57ec737b-81cd-4c66-91e0-119f686f759f" />
      <TestMethod codeBase="D:\ProjectGallery\CodeSample\CSharp\TestProject2\TestProject2\bin\Debug\TestProject2.dll" adapterTypeName="Microsoft.VisualStudio.TestTools.TestTypes.Unit.UnitTestAdapter, Microsoft.VisualStudio.QualityTools.Tips.UnitTest.Adapter, Version=9.0.0.0, Culture=neutral, PublicKeyToken=b03f5f7f11d50a3a" className="TestProject2.UnitTest1, TestProject2" name="TestMethod19" />
    </UnitTest>
    <UnitTest name="TestMethod22" storage="d:\projectgallery\codesample\csharp\testproject2\testproject2\bin\debug\testproject2.dll" id="40d2635e-eb0a-c511-212a-f0a7b81627ab">
      <Css projectStructure="" iteration="" />
      <Owners>
        <Owner name="" />
      </Owners>
      <Execution id="294be63e-ac81-47b6-9e84-51c38edce095" />
      <TestMethod codeBase="D:\ProjectGallery\CodeSample\CSharp\TestProject2\TestProject2\bin\Debug\TestProject2.dll" adapterTypeName="Microsoft.VisualStudio.TestTools.TestTypes.Unit.UnitTestAdapter, Microsoft.VisualStudio.QualityTools.Tips.UnitTest.Adapter, Version=9.0.0.0, Culture=neutral, PublicKeyToken=b03f5f7f11d50a3a" className="TestProject2.UnitTest1, TestProject2" name="TestMethod22" />
    </UnitTest>
    <UnitTest name="TestMethod13" storage="d:\projectgallery\codesample\csharp\testproject2\testproject2\bin\debug\testproject2.dll" id="35e8db2b-38b7-44ae-c328-2db1e6afc837">
      <Css projectStructure="" iteration="" />
      <Owners>
        <Owner name="" />
      </Owners>
      <Execution id="69ed82f5-8058-4a08-8191-481e8074dfe6" />
      <TestMethod codeBase="D:\ProjectGallery\CodeSample\CSharp\TestProject2\TestProject2\bin\Debug\TestProject2.dll" adapterTypeName="Microsoft.VisualStudio.TestTools.TestTypes.Unit.UnitTestAdapter, Microsoft.VisualStudio.QualityTools.Tips.UnitTest.Adapter, Version=9.0.0.0, Culture=neutral, PublicKeyToken=b03f5f7f11d50a3a" className="TestProject2.UnitTest1, TestProject2" name="TestMethod13" />
    </UnitTest>
    <UnitTest name="TestMethod6" storage="d:\projectgallery\codesample\csharp\testproject2\testproject2\bin\debug\testproject2.dll" id="00dff670-db14-46d6-39ec-68fadb3ee92a">
      <Css projectStructure="" iteration="" />
      <Owners>
        <Owner name="" />
      </Owners>
      <Execution id="3a81dcfe-36ef-4766-929d-508b93fb7b40" />
      <TestMethod codeBase="D:\ProjectGallery\CodeSample\CSharp\TestProject2\TestProject2\bin\Debug\TestProject2.dll" adapterTypeName="Microsoft.VisualStudio.TestTools.TestTypes.Unit.UnitTestAdapter, Microsoft.VisualStudio.QualityTools.Tips.UnitTest.Adapter, Version=9.0.0.0, Culture=neutral, PublicKeyToken=b03f5f7f11d50a3a" className="TestProject2.UnitTest1, TestProject2" name="TestMethod6" />
    </UnitTest>
    <UnitTest name="TestMethod14" storage="d:\projectgallery\codesample\csharp\testproject2\testproject2\bin\debug\testproject2.dll" id="cc58c9aa-9cdd-2062-d22a-05a1ac2e369f">
      <Css projectStructure="" iteration="" />
      <Owners>
        <Owner name="" />
      </Owners>
      <Execution id="824e6769-6447-4162-ad35-f135edac82ba" />
      <TestMethod codeBase="D:\ProjectGallery\CodeSample\CSharp\TestProject2\TestProject2\bin\Debug\TestProject2.dll" adapterTypeName="Microsoft.VisualStudio.TestTools.TestTypes.Unit.UnitTestAdapter, Microsoft.VisualStudio.QualityTools.Tips.UnitTest.Adapter, Version=9.0.0.0, Culture=neutral, PublicKeyToken=b03f5f7f11d50a3a" className="TestProject2.UnitTest1, TestProject2" name="TestMethod14" />
    </UnitTest>
    <UnitTest name="TestMethod15" storage="d:\projectgallery\codesample\csharp\testproject2\testproject2\bin\debug\testproject2.dll" id="88f80b40-852a-23b2-845c-21d338de5ea5">
      <Css projectStructure="" iteration="" />
      <Owners>
        <Owner name="" />
      </Owners>
      <Execution id="01496194-c1ed-4284-8644-62649fe4f0dd" />
      <TestMethod codeBase="D:\ProjectGallery\CodeSample\CSharp\TestProject2\TestProject2\bin\Debug\TestProject2.dll" adapterTypeName="Microsoft.VisualStudio.TestTools.TestTypes.Unit.UnitTestAdapter, Microsoft.VisualStudio.QualityTools.Tips.UnitTest.Adapter, Version=9.0.0.0, Culture=neutral, PublicKeyToken=b03f5f7f11d50a3a" className="TestProject2.UnitTest1, TestProject2" name="TestMethod15" />
    </UnitTest>
    <UnitTest name="TestMethod11" storage="d:\projectgallery\codesample\csharp\testproject2\testproject2\bin\debug\testproject2.dll" id="57298fb1-5379-c2dd-1fcd-c5406524a873">
      <Css projectStructure="" iteration="" />
      <Owners>
        <Owner name="" />
      </Owners>
      <Execution id="e8d3be44-691e-49b1-b34a-a70922e68983" />
      <TestMethod codeBase="D:\ProjectGallery\CodeSample\CSharp\TestProject2\TestProject2\bin\Debug\TestProject2.dll" adapterTypeName="Microsoft.VisualStudio.TestTools.TestTypes.Unit.UnitTestAdapter, Microsoft.VisualStudio.QualityTools.Tips.UnitTest.Adapter, Version=9.0.0.0, Culture=neutral, PublicKeyToken=b03f5f7f11d50a3a" className="TestProject2.UnitTest1, TestProject2" name="TestMethod11" />
    </UnitTest>
    <UnitTest name="TestMethod9" storage="d:\projectgallery\codesample\csharp\testproject2\testproject2\bin\debug\testproject2.dll" id="86cf0317-0809-3c23-a73a-f54de1b313f3">
      <Css projectStructure="" iteration="" />
      <Owners>
        <Owner name="" />
      </Owners>
      <Execution id="81652314-2ea5-4d7d-8bef-4eb3bd82ad28" />
      <TestMethod codeBase="D:\ProjectGallery\CodeSample\CSharp\TestProject2\TestProject2\bin\Debug\TestProject2.dll" adapterTypeName="Microsoft.VisualStudio.TestTools.TestTypes.Unit.UnitTestAdapter, Microsoft.VisualStudio.QualityTools.Tips.UnitTest.Adapter, Version=9.0.0.0, Culture=neutral, PublicKeyToken=b03f5f7f11d50a3a" className="TestProject2.UnitTest1, TestProject2" name="TestMethod9" />
    </UnitTest>
    <UnitTest name="TestMethod26" storage="d:\projectgallery\codesample\csharp\testproject2\testproject2\bin\debug\testproject2.dll" id="9af07fec-093d-208d-676f-215d752c4b9a">
      <Css projectStructure="" iteration="" />
      <Owners>
        <Owner name="" />
      </Owners>
      <Execution id="be064df5-a367-41dd-bcc7-ad0ad92b172c" />
      <TestMethod codeBase="D:\ProjectGallery\CodeSample\CSharp\TestProject2\TestProject2\bin\Debug\TestProject2.dll" adapterTypeName="Microsoft.VisualStudio.TestTools.TestTypes.Unit.UnitTestAdapter, Microsoft.VisualStudio.QualityTools.Tips.UnitTest.Adapter, Version=9.0.0.0, Culture=neutral, PublicKeyToken=b03f5f7f11d50a3a" className="TestProject2.UnitTest1, TestProject2" name="TestMethod26" />
    </UnitTest>
    <UnitTest name="TestMethod27" storage="d:\projectgallery\codesample\csharp\testproject2\testproject2\bin\debug\testproject2.dll" id="a59a1166-d09c-e374-a1d5-ca5ef9dcca62">
      <Css projectStructure="" iteration="" />
      <Owners>
        <Owner name="" />
      </Owners>
      <Execution id="4a7a7946-e6d2-4a34-a29d-a75fa4155e2a" />
      <TestMethod codeBase="D:\ProjectGallery\CodeSample\CSharp\TestProject2\TestProject2\bin\Debug\TestProject2.dll" adapterTypeName="Microsoft.VisualStudio.TestTools.TestTypes.Unit.UnitTestAdapter, Microsoft.VisualStudio.QualityTools.Tips.UnitTest.Adapter, Version=9.0.0.0, Culture=neutral, PublicKeyToken=b03f5f7f11d50a3a" className="TestProject2.UnitTest1, TestProject2" name="TestMethod27" />
    </UnitTest>
    <UnitTest name="TestMethod20" storage="d:\projectgallery\codesample\csharp\testproject2\testproject2\bin\debug\testproject2.dll" id="cde990db-50ba-66a7-aa35-be206de14a17">
      <Css projectStructure="" iteration="" />
      <Owners>
        <Owner name="" />
      </Owners>
      <Execution id="318adacd-7cfe-4dd0-97ea-db0eb506aec8" />
      <TestMethod codeBase="D:\ProjectGallery\CodeSample\CSharp\TestProject2\TestProject2\bin\Debug\TestProject2.dll" adapterTypeName="Microsoft.VisualStudio.TestTools.TestTypes.Unit.UnitTestAdapter, Microsoft.VisualStudio.QualityTools.Tips.UnitTest.Adapter, Version=9.0.0.0, Culture=neutral, PublicKeyToken=b03f5f7f11d50a3a" className="TestProject2.UnitTest1, TestProject2" name="TestMethod20" />
    </UnitTest>
    <UnitTest name="TestMethod24" storage="d:\projectgallery\codesample\csharp\testproject2\testproject2\bin\debug\testproject2.dll" id="6492a128-3431-d287-b528-62cab5bf550e">
      <Css projectStructure="" iteration="" />
      <Owners>
        <Owner name="" />
      </Owners>
      <Execution id="a7bf4cec-72c1-424f-91cd-b202cf3357e5" />
      <TestMethod codeBase="D:\ProjectGallery\CodeSample\CSharp\TestProject2\TestProject2\bin\Debug\TestProject2.dll" adapterTypeName="Microsoft.VisualStudio.TestTools.TestTypes.Unit.UnitTestAdapter, Microsoft.VisualStudio.QualityTools.Tips.UnitTest.Adapter, Version=9.0.0.0, Culture=neutral, PublicKeyToken=b03f5f7f11d50a3a" className="TestProject2.UnitTest1, TestProject2" name="TestMethod24" />
    </UnitTest>
    <UnitTest name="TestMethod17" storage="d:\projectgallery\codesample\csharp\testproject2\testproject2\bin\debug\testproject2.dll" id="e3f31934-8db8-02a6-40b7-a8e9fd516ff2">
      <Css projectStructure="" iteration="" />
      <Owners>
        <Owner name="" />
      </Owners>
      <Execution id="8dedb060-4da9-4aff-8133-84ca043cedfb" />
      <TestMethod codeBase="D:\ProjectGallery\CodeSample\CSharp\TestProject2\TestProject2\bin\Debug\TestProject2.dll" adapterTypeName="Microsoft.VisualStudio.TestTools.TestTypes.Unit.UnitTestAdapter, Microsoft.VisualStudio.QualityTools.Tips.UnitTest.Adapter, Version=9.0.0.0, Culture=neutral, PublicKeyToken=b03f5f7f11d50a3a" className="TestProject2.UnitTest1, TestProject2" name="TestMethod17" />
    </UnitTest>
    <UnitTest name="TestMethod23" storage="d:\projectgallery\codesample\csharp\testproject2\testproject2\bin\debug\testproject2.dll" id="668164f6-681e-b5dc-c312-b453277eba8f">
      <Css projectStructure="" iteration="" />
      <Owners>
        <Owner name="" />
      </Owners>
      <Execution id="ee631063-ec3a-4c30-ad42-445935d668a1" />
      <TestMethod codeBase="D:\ProjectGallery\CodeSample\CSharp\TestProject2\TestProject2\bin\Debug\TestProject2.dll" adapterTypeName="Microsoft.VisualStudio.TestTools.TestTypes.Unit.UnitTestAdapter, Microsoft.VisualStudio.QualityTools.Tips.UnitTest.Adapter, Version=9.0.0.0, Culture=neutral, PublicKeyToken=b03f5f7f11d50a3a" className="TestProject2.UnitTest1, TestProject2" name="TestMethod23" />
    </UnitTest>
    <UnitTest name="TestMethod16" storage="d:\projectgallery\codesample\csharp\testproject2\testproject2\bin\debug\testproject2.dll" id="2f674f13-16cf-fe28-0a5b-5c72d89c9923">
      <Css projectStructure="" iteration="" />
      <Owners>
        <Owner name="" />
      </Owners>
      <Execution id="bdf5965c-db14-464c-adc7-7a55e95b9de2" />
      <TestMethod codeBase="D:\ProjectGallery\CodeSample\CSharp\TestProject2\TestProject2\bin\Debug\TestProject2.dll" adapterTypeName="Microsoft.VisualStudio.TestTools.TestTypes.Unit.UnitTestAdapter, Microsoft.VisualStudio.QualityTools.Tips.UnitTest.Adapter, Version=9.0.0.0, Culture=neutral, PublicKeyToken=b03f5f7f11d50a3a" className="TestProject2.UnitTest1, TestProject2" name="TestMethod16" />
    </UnitTest>
    <UnitTest name="TestMethod12" storage="d:\projectgallery\codesample\csharp\testproject2\testproject2\bin\debug\testproject2.dll" id="d4178c5f-56de-4eeb-9967-abf72c42fd30">
      <Css projectStructure="" iteration="" />
      <Owners>
        <Owner name="" />
      </Owners>
      <Execution id="722a307e-8e44-4a3d-b716-ae37a489a3ba" />
      <TestMethod codeBase="D:\ProjectGallery\CodeSample\CSharp\TestProject2\TestProject2\bin\Debug\TestProject2.dll" adapterTypeName="Microsoft.VisualStudio.TestTools.TestTypes.Unit.UnitTestAdapter, Microsoft.VisualStudio.QualityTools.Tips.UnitTest.Adapter, Version=9.0.0.0, Culture=neutral, PublicKeyToken=b03f5f7f11d50a3a" className="TestProject2.UnitTest1, TestProject2" name="TestMethod12" />
    </UnitTest>
    <UnitTest name="TestMethod1" storage="d:\projectgallery\codesample\csharp\testproject2\testproject2\bin\debug\testproject2.dll" id="b96f2172-51f7-3767-573a-01ebaf3120be">
      <Css projectStructure="" iteration="" />
      <Owners>
        <Owner name="" />
      </Owners>
      <Execution id="65dc947b-05f6-41b0-a7ed-6e562a76d797" />
      <TestMethod codeBase="D:\ProjectGallery\CodeSample\CSharp\TestProject2\TestProject2\bin\Debug\TestProject2.dll" adapterTypeName="Microsoft.VisualStudio.TestTools.TestTypes.Unit.UnitTestAdapter, Microsoft.VisualStudio.QualityTools.Tips.UnitTest.Adapter, Version=9.0.0.0, Culture=neutral, PublicKeyToken=b03f5f7f11d50a3a" className="TestProject2.UnitTest1, TestProject2" name="TestMethod1" />
    </UnitTest>
    <UnitTest name="TestMethod5" storage="d:\projectgallery\codesample\csharp\testproject2\testproject2\bin\debug\testproject2.dll" id="f9492d7d-41bc-5e0d-be4f-0d99271a58f2">
      <Css projectStructure="" iteration="" />
      <Owners>
        <Owner name="" />
      </Owners>
      <Execution id="8c47ae29-08af-40bc-a9c7-fa09c2b85ad4" />
      <TestMethod codeBase="D:\ProjectGallery\CodeSample\CSharp\TestProject2\TestProject2\bin\Debug\TestProject2.dll" adapterTypeName="Microsoft.VisualStudio.TestTools.TestTypes.Unit.UnitTestAdapter, Microsoft.VisualStudio.QualityTools.Tips.UnitTest.Adapter, Version=9.0.0.0, Culture=neutral, PublicKeyToken=b03f5f7f11d50a3a" className="TestProject2.UnitTest1, TestProject2" name="TestMethod5" />
    </UnitTest>
    <UnitTest name="TestMethod3" storage="d:\projectgallery\codesample\csharp\testproject2\testproject2\bin\debug\testproject2.dll" id="de54fb41-c068-3f0d-9734-2d7b4221bcb6">
      <Css projectStructure="" iteration="" />
      <Owners>
        <Owner name="" />
      </Owners>
      <Execution id="11699bf2-5070-4f52-87a7-69872119042f" />
      <TestMethod codeBase="D:\ProjectGallery\CodeSample\CSharp\TestProject2\TestProject2\bin\Debug\TestProject2.dll" adapterTypeName="Microsoft.VisualStudio.TestTools.TestTypes.Unit.UnitTestAdapter, Microsoft.VisualStudio.QualityTools.Tips.UnitTest.Adapter, Version=9.0.0.0, Culture=neutral, PublicKeyToken=b03f5f7f11d50a3a" className="TestProject2.UnitTest1, TestProject2" name="TestMethod3" />
    </UnitTest>
    <UnitTest name="TestMethod18" storage="d:\projectgallery\codesample\csharp\testproject2\testproject2\bin\debug\testproject2.dll" id="2e296952-f8e3-b213-b422-5836278df5d6">
      <Css projectStructure="" iteration="" />
      <Owners>
        <Owner name="" />
      </Owners>
      <Execution id="abf53e27-2a32-47f5-9863-b40592519815" />
      <TestMethod codeBase="D:\ProjectGallery\CodeSample\CSharp\TestProject2\TestProject2\bin\Debug\TestProject2.dll" adapterTypeName="Microsoft.VisualStudio.TestTools.TestTypes.Unit.UnitTestAdapter, Microsoft.VisualStudio.QualityTools.Tips.UnitTest.Adapter, Version=9.0.0.0, Culture=neutral, PublicKeyToken=b03f5f7f11d50a3a" className="TestProject2.UnitTest1, TestProject2" name="TestMethod18" />
    </UnitTest>
    <UnitTest name="TestMethod4" storage="d:\projectgallery\codesample\csharp\testproject2\testproject2\bin\debug\testproject2.dll" id="33768df0-1e8b-f14c-d274-0837fda6f1ba">
      <Css projectStructure="" iteration="" />
      <Owners>
        <Owner name="" />
      </Owners>
      <Execution id="541d9e7a-7502-431a-8032-179a2a6c25e9" />
      <TestMethod codeBase="D:\ProjectGallery\CodeSample\CSharp\TestProject2\TestProject2\bin\Debug\TestProject2.dll" adapterTypeName="Microsoft.VisualStudio.TestTools.TestTypes.Unit.UnitTestAdapter, Microsoft.VisualStudio.QualityTools.Tips.UnitTest.Adapter, Version=9.0.0.0, Culture=neutral, PublicKeyToken=b03f5f7f11d50a3a" className="TestProject2.UnitTest1, TestProject2" name="TestMethod4" />
    </UnitTest>
  </TestDefinitions>
  <TestLists>
    <TestList name="Results Not in a List" id="8c84fa94-04c1-424b-9868-57a2d4851a1d" />
    <TestList name="All Loaded Results" id="19431567-8539-422a-85d7-44ee4e166bda" />
  </TestLists>
  <TestEntries>
    <TestEntry testId="00dff670-db14-46d6-39ec-68fadb3ee92a" executionId="3a81dcfe-36ef-4766-929d-508b93fb7b40" testListId="8c84fa94-04c1-424b-9868-57a2d4851a1d" />
    <TestEntry testId="2736b81d-8916-0ff5-a8e2-50b30630ea9f" executionId="aae80de8-c4aa-44d2-8f06-3e3d1c1ac69f" testListId="8c84fa94-04c1-424b-9868-57a2d4851a1d" />
    <TestEntry testId="2e296952-f8e3-b213-b422-5836278df5d6" executionId="abf53e27-2a32-47f5-9863-b40592519815" testListId="8c84fa94-04c1-424b-9868-57a2d4851a1d" />
    <TestEntry testId="2f674f13-16cf-fe28-0a5b-5c72d89c9923" executionId="bdf5965c-db14-464c-adc7-7a55e95b9de2" testListId="8c84fa94-04c1-424b-9868-57a2d4851a1d" />
    <TestEntry testId="33768df0-1e8b-f14c-d274-0837fda6f1ba" executionId="541d9e7a-7502-431a-8032-179a2a6c25e9" testListId="8c84fa94-04c1-424b-9868-57a2d4851a1d" />
    <TestEntry testId="35e8db2b-38b7-44ae-c328-2db1e6afc837" executionId="69ed82f5-8058-4a08-8191-481e8074dfe6" testListId="8c84fa94-04c1-424b-9868-57a2d4851a1d" />
    <TestEntry testId="3ec74716-0db3-b2a1-7beb-92d397559f67" executionId="0cacb3cc-c81f-4eba-8468-e1c49fc8c428" testListId="8c84fa94-04c1-424b-9868-57a2d4851a1d" />
    <TestEntry testId="40d2635e-eb0a-c511-212a-f0a7b81627ab" executionId="294be63e-ac81-47b6-9e84-51c38edce095" testListId="8c84fa94-04c1-424b-9868-57a2d4851a1d" />
    <TestEntry testId="4465fbbc-af6e-9c59-5302-7c7cc5a1e89c" executionId="5fa2a348-f096-458d-aecb-6a5e57f251ec" testListId="8c84fa94-04c1-424b-9868-57a2d4851a1d" />
    <TestEntry testId="57298fb1-5379-c2dd-1fcd-c5406524a873" executionId="e8d3be44-691e-49b1-b34a-a70922e68983" testListId="8c84fa94-04c1-424b-9868-57a2d4851a1d" />
    <TestEntry testId="62d53c57-5687-707d-267d-51238e80e8cf" executionId="b2a21078-3573-4ffe-9fd6-ab2ecec13cdf" testListId="8c84fa94-04c1-424b-9868-57a2d4851a1d" />
    <TestEntry testId="6492a128-3431-d287-b528-62cab5bf550e" executionId="a7bf4cec-72c1-424f-91cd-b202cf3357e5" testListId="8c84fa94-04c1-424b-9868-57a2d4851a1d" />
    <TestEntry testId="668164f6-681e-b5dc-c312-b453277eba8f" executionId="ee631063-ec3a-4c30-ad42-445935d668a1" testListId="8c84fa94-04c1-424b-9868-57a2d4851a1d" />
    <TestEntry testId="762813a8-6a9a-e8e5-34d5-f448a5291c4a" executionId="e64185fc-4c16-4846-8fde-0081de78d7f5" testListId="8c84fa94-04c1-424b-9868-57a2d4851a1d" />
    <TestEntry testId="86cf0317-0809-3c23-a73a-f54de1b313f3" executionId="81652314-2ea5-4d7d-8bef-4eb3bd82ad28" testListId="8c84fa94-04c1-424b-9868-57a2d4851a1d" />
    <TestEntry testId="88f80b40-852a-23b2-845c-21d338de5ea5" executionId="01496194-c1ed-4284-8644-62649fe4f0dd" testListId="8c84fa94-04c1-424b-9868-57a2d4851a1d" />
    <TestEntry testId="971e4bc0-6257-f7f3-7f7d-7f44c4838e3e" executionId="57ec737b-81cd-4c66-91e0-119f686f759f" testListId="8c84fa94-04c1-424b-9868-57a2d4851a1d" />
    <TestEntry testId="9af07fec-093d-208d-676f-215d752c4b9a" executionId="be064df5-a367-41dd-bcc7-ad0ad92b172c" testListId="8c84fa94-04c1-424b-9868-57a2d4851a1d" />
    <TestEntry testId="a59a1166-d09c-e374-a1d5-ca5ef9dcca62" executionId="4a7a7946-e6d2-4a34-a29d-a75fa4155e2a" testListId="8c84fa94-04c1-424b-9868-57a2d4851a1d" />
    <TestEntry testId="b96f2172-51f7-3767-573a-01ebaf3120be" executionId="65dc947b-05f6-41b0-a7ed-6e562a76d797" testListId="8c84fa94-04c1-424b-9868-57a2d4851a1d" />
    <TestEntry testId="c10a87f3-f55f-b4f8-2c54-f90496d47f9f" executionId="cae4db29-0804-4fb5-8180-94a38aa1658d" testListId="8c84fa94-04c1-424b-9868-57a2d4851a1d" />
    <TestEntry testId="cc58c9aa-9cdd-2062-d22a-05a1ac2e369f" executionId="824e6769-6447-4162-ad35-f135edac82ba" testListId="8c84fa94-04c1-424b-9868-57a2d4851a1d" />
    <TestEntry testId="cde990db-50ba-66a7-aa35-be206de14a17" executionId="318adacd-7cfe-4dd0-97ea-db0eb506aec8" testListId="8c84fa94-04c1-424b-9868-57a2d4851a1d" />
    <TestEntry testId="d4178c5f-56de-4eeb-9967-abf72c42fd30" executionId="722a307e-8e44-4a3d-b716-ae37a489a3ba" testListId="8c84fa94-04c1-424b-9868-57a2d4851a1d" />
    <TestEntry testId="d652f438-e1da-9bb6-2655-4cb51da4533b" executionId="342adeb8-60b4-4b36-8f2a-b93d57652f47" testListId="8c84fa94-04c1-424b-9868-57a2d4851a1d" />
    <TestEntry testId="de54fb41-c068-3f0d-9734-2d7b4221bcb6" executionId="11699bf2-5070-4f52-87a7-69872119042f" testListId="8c84fa94-04c1-424b-9868-57a2d4851a1d" />
    <TestEntry testId="e3f31934-8db8-02a6-40b7-a8e9fd516ff2" executionId="8dedb060-4da9-4aff-8133-84ca043cedfb" testListId="8c84fa94-04c1-424b-9868-57a2d4851a1d" />
    <TestEntry testId="f9492d7d-41bc-5e0d-be4f-0d99271a58f2" executionId="8c47ae29-08af-40bc-a9c7-fa09c2b85ad4" testListId="8c84fa94-04c1-424b-9868-57a2d4851a1d" />
  </TestEntries>
  <Results>
    <UnitTestResult executionId="3a81dcfe-36ef-4766-929d-508b93fb7b40" testId="00dff670-db14-46d6-39ec-68fadb3ee92a" testName="TestMethod6" computerName="Z-WIN2003" duration="00:00:00.0269392" startTime="2011-10-26T21:44:40.4218750+08:00" endTime="2011-10-26T21:44:42.3906250+08:00" testType="13cdc9d9-ddb5-4fa4-a97d-d965ccfc6d4b" outcome="Passed" testListId="8c84fa94-04c1-424b-9868-57a2d4851a1d">
      <Output>
      </Output>
    </UnitTestResult>
    <UnitTestResult executionId="aae80de8-c4aa-44d2-8f06-3e3d1c1ac69f" testId="2736b81d-8916-0ff5-a8e2-50b30630ea9f" testName="TestMethod10" computerName="Z-WIN2003" duration="00:00:00.0006351" startTime="2011-10-26T21:44:42.3906250+08:00" endTime="2011-10-26T21:44:42.4062500+08:00" testType="13cdc9d9-ddb5-4fa4-a97d-d965ccfc6d4b" outcome="Passed" testListId="8c84fa94-04c1-424b-9868-57a2d4851a1d">
      <Output>
      </Output>
    </UnitTestResult>
    <UnitTestResult executionId="abf53e27-2a32-47f5-9863-b40592519815" testId="2e296952-f8e3-b213-b422-5836278df5d6" testName="TestMethod18" computerName="Z-WIN2003" duration="00:00:00.0006262" startTime="2011-10-26T21:44:42.4062500+08:00" endTime="2011-10-26T21:44:42.4218750+08:00" testType="13cdc9d9-ddb5-4fa4-a97d-d965ccfc6d4b" outcome="Passed" testListId="8c84fa94-04c1-424b-9868-57a2d4851a1d">
      <Output>
      </Output>
    </UnitTestResult>
    <UnitTestResult executionId="bdf5965c-db14-464c-adc7-7a55e95b9de2" testId="2f674f13-16cf-fe28-0a5b-5c72d89c9923" testName="TestMethod16" computerName="Z-WIN2003" duration="00:00:00.0008714" startTime="2011-10-26T21:44:42.4218750+08:00" endTime="2011-10-26T21:44:42.4375000+08:00" testType="13cdc9d9-ddb5-4fa4-a97d-d965ccfc6d4b" outcome="Passed" testListId="8c84fa94-04c1-424b-9868-57a2d4851a1d">
      <Output>
      </Output>
    </UnitTestResult>
    <UnitTestResult executionId="541d9e7a-7502-431a-8032-179a2a6c25e9" testId="33768df0-1e8b-f14c-d274-0837fda6f1ba" testName="TestMethod4" computerName="Z-WIN2003" duration="00:00:00.0051061" startTime="2011-10-26T21:44:42.4375000+08:00" endTime="2011-10-26T21:44:42.4531250+08:00" testType="13cdc9d9-ddb5-4fa4-a97d-d965ccfc6d4b" outcome="Passed" testListId="8c84fa94-04c1-424b-9868-57a2d4851a1d">
      <Output>
      </Output>
    </UnitTestResult>
    <UnitTestResult executionId="69ed82f5-8058-4a08-8191-481e8074dfe6" testId="35e8db2b-38b7-44ae-c328-2db1e6afc837" testName="TestMethod13" computerName="Z-WIN2003" duration="00:00:00.7044751" startTime="2011-10-26T21:44:42.4531250+08:00" endTime="2011-10-26T21:44:43.1875000+08:00" testType="13cdc9d9-ddb5-4fa4-a97d-d965ccfc6d4b" outcome="Failed" testListId="8c84fa94-04c1-424b-9868-57a2d4851a1d">
      <Output>
        <ErrorInfo>
          <Message>Assert.AreEqual failed. Expected:&lt;False&gt;. Actual:&lt;True&gt;. </Message>
          <StackTrace>   at TestProject2.UnitTest1.TestMethod13() in D:\ProjectGallery\CodeSample\CSharp\TestProject2\TestProject2\2.1.4.cs:line 130
</StackTrace>
        </ErrorInfo>
      </Output>
    </UnitTestResult>
    <UnitTestResult executionId="0cacb3cc-c81f-4eba-8468-e1c49fc8c428" testId="3ec74716-0db3-b2a1-7beb-92d397559f67" testName="TestMethod21" computerName="Z-WIN2003" duration="00:00:00.0010259" startTime="2011-10-26T21:44:43.1875000+08:00" endTime="2011-10-26T21:44:43.2343750+08:00" testType="13cdc9d9-ddb5-4fa4-a97d-d965ccfc6d4b" outcome="Passed" testListId="8c84fa94-04c1-424b-9868-57a2d4851a1d">
      <Output>
      </Output>
    </UnitTestResult>
    <UnitTestResult executionId="294be63e-ac81-47b6-9e84-51c38edce095" testId="40d2635e-eb0a-c511-212a-f0a7b81627ab" testName="TestMethod22" computerName="Z-WIN2003" duration="00:00:00.0006038" startTime="2011-10-26T21:44:43.2343750+08:00" endTime="2011-10-26T21:44:43.2500000+08:00" testType="13cdc9d9-ddb5-4fa4-a97d-d965ccfc6d4b" outcome="Passed" testListId="8c84fa94-04c1-424b-9868-57a2d4851a1d">
      <Output>
      </Output>
    </UnitTestResult>
    <UnitTestResult executionId="5fa2a348-f096-458d-aecb-6a5e57f251ec" testId="4465fbbc-af6e-9c59-5302-7c7cc5a1e89c" testName="TestMethod8" computerName="Z-WIN2003" duration="00:00:00.0007148" startTime="2011-10-26T21:44:43.2500000+08:00" endTime="2011-10-26T21:44:43.2500000+08:00" testType="13cdc9d9-ddb5-4fa4-a97d-d965ccfc6d4b" outcome="Passed" testListId="8c84fa94-04c1-424b-9868-57a2d4851a1d">
      <Output>
      </Output>
    </UnitTestResult>
    <UnitTestResult executionId="e8d3be44-691e-49b1-b34a-a70922e68983" testId="57298fb1-5379-c2dd-1fcd-c5406524a873" testName="TestMethod11" computerName="Z-WIN2003" duration="00:00:00.0011762" startTime="2011-10-26T21:44:43.2656250+08:00" endTime="2011-10-26T21:44:43.2656250+08:00" testType="13cdc9d9-ddb5-4fa4-a97d-d965ccfc6d4b" outcome="Passed" testListId="8c84fa94-04c1-424b-9868-57a2d4851a1d">
      <Output>
      </Output>
    </UnitTestResult>
    <UnitTestResult executionId="b2a21078-3573-4ffe-9fd6-ab2ecec13cdf" testId="62d53c57-5687-707d-267d-51238e80e8cf" testName="TestMethod28" computerName="Z-WIN2003" duration="00:00:00.0007135" startTime="2011-10-26T21:44:43.2656250+08:00" endTime="2011-10-26T21:44:43.2812500+08:00" testType="13cdc9d9-ddb5-4fa4-a97d-d965ccfc6d4b" outcome="Passed" testListId="8c84fa94-04c1-424b-9868-57a2d4851a1d">
      <Output>
      </Output>
    </UnitTestResult>
    <UnitTestResult executionId="a7bf4cec-72c1-424f-91cd-b202cf3357e5" testId="6492a128-3431-d287-b528-62cab5bf550e" testName="TestMethod24" computerName="Z-WIN2003" duration="00:00:00.0006306" startTime="2011-10-26T21:44:43.2812500+08:00" endTime="2011-10-26T21:44:43.2968750+08:00" testType="13cdc9d9-ddb5-4fa4-a97d-d965ccfc6d4b" outcome="Passed" testListId="8c84fa94-04c1-424b-9868-57a2d4851a1d">
      <Output>
      </Output>
    </UnitTestResult>
    <UnitTestResult executionId="ee631063-ec3a-4c30-ad42-445935d668a1" testId="668164f6-681e-b5dc-c312-b453277eba8f" testName="TestMethod23" computerName="Z-WIN2003" duration="00:00:00.0008043" startTime="2011-10-26T21:44:43.2968750+08:00" endTime="2011-10-26T21:44:43.3125000+08:00" testType="13cdc9d9-ddb5-4fa4-a97d-d965ccfc6d4b" outcome="Passed" testListId="8c84fa94-04c1-424b-9868-57a2d4851a1d">
      <Output>
      </Output>
    </UnitTestResult>
    <UnitTestResult executionId="e64185fc-4c16-4846-8fde-0081de78d7f5" testId="762813a8-6a9a-e8e5-34d5-f448a5291c4a" testName="TestMethod2" computerName="Z-WIN2003" duration="00:00:00.0006206" startTime="2011-10-26T21:44:43.3125000+08:00" endTime="2011-10-26T21:44:43.3125000+08:00" testType="13cdc9d9-ddb5-4fa4-a97d-d965ccfc6d4b" outcome="Passed" testListId="8c84fa94-04c1-424b-9868-57a2d4851a1d">
      <Output>
      </Output>
    </UnitTestResult>
    <UnitTestResult executionId="81652314-2ea5-4d7d-8bef-4eb3bd82ad28" testId="86cf0317-0809-3c23-a73a-f54de1b313f3" testName="TestMethod9" computerName="Z-WIN2003" duration="00:00:00.0004997" startTime="2011-10-26T21:44:43.3125000+08:00" endTime="2011-10-26T21:44:43.3281250+08:00" testType="13cdc9d9-ddb5-4fa4-a97d-d965ccfc6d4b" outcome="Passed" testListId="8c84fa94-04c1-424b-9868-57a2d4851a1d">
      <Output>
      </Output>
    </UnitTestResult>
    <UnitTestResult executionId="01496194-c1ed-4284-8644-62649fe4f0dd" testId="88f80b40-852a-23b2-845c-21d338de5ea5" testName="TestMethod15" computerName="Z-WIN2003" duration="00:00:00.0006299" startTime="2011-10-26T21:44:43.3281250+08:00" endTime="2011-10-26T21:44:43.3437500+08:00" testType="13cdc9d9-ddb5-4fa4-a97d-d965ccfc6d4b" outcome="Passed" testListId="8c84fa94-04c1-424b-9868-57a2d4851a1d">
      <Output>
      </Output>
    </UnitTestResult>
    <UnitTestResult executionId="57ec737b-81cd-4c66-91e0-119f686f759f" testId="971e4bc0-6257-f7f3-7f7d-7f44c4838e3e" testName="TestMethod19" computerName="Z-WIN2003" duration="00:00:00.0006205" startTime="2011-10-26T21:44:43.3593750+08:00" endTime="2011-10-26T21:44:43.3593750+08:00" testType="13cdc9d9-ddb5-4fa4-a97d-d965ccfc6d4b" outcome="Passed" testListId="8c84fa94-04c1-424b-9868-57a2d4851a1d">
      <Output>
      </Output>
    </UnitTestResult>
    <UnitTestResult executionId="be064df5-a367-41dd-bcc7-ad0ad92b172c" testId="9af07fec-093d-208d-676f-215d752c4b9a" testName="TestMethod26" computerName="Z-WIN2003" duration="00:00:00.0018920" startTime="2011-10-26T21:44:43.3750000+08:00" endTime="2011-10-26T21:44:43.3750000+08:00" testType="13cdc9d9-ddb5-4fa4-a97d-d965ccfc6d4b" outcome="Failed" testListId="8c84fa94-04c1-424b-9868-57a2d4851a1d">
      <Output>
        <ErrorInfo>
          <Message>Assert.AreEqual failed. Expected:&lt;True&gt;. Actual:&lt;False&gt;. </Message>
          <StackTrace>   at TestProject2.UnitTest1.TestMethod26() in D:\ProjectGallery\CodeSample\CSharp\TestProject2\TestProject2\2.1.4.cs:line 247
</StackTrace>
        </ErrorInfo>
      </Output>
    </UnitTestResult>
    <UnitTestResult executionId="4a7a7946-e6d2-4a34-a29d-a75fa4155e2a" testId="a59a1166-d09c-e374-a1d5-ca5ef9dcca62" testName="TestMethod27" computerName="Z-WIN2003" duration="00:00:00.0032558" startTime="2011-10-26T21:44:43.3750000+08:00" endTime="2011-10-26T21:44:43.4062500+08:00" testType="13cdc9d9-ddb5-4fa4-a97d-d965ccfc6d4b" outcome="Passed" testListId="8c84fa94-04c1-424b-9868-57a2d4851a1d">
      <Output>
      </Output>
    </UnitTestResult>
    <UnitTestResult executionId="65dc947b-05f6-41b0-a7ed-6e562a76d797" testId="b96f2172-51f7-3767-573a-01ebaf3120be" testName="TestMethod1" computerName="Z-WIN2003" duration="00:00:00.0014137" startTime="2011-10-26T21:44:43.4062500+08:00" endTime="2011-10-26T21:44:43.4218750+08:00" testType="13cdc9d9-ddb5-4fa4-a97d-d965ccfc6d4b" outcome="Passed" testListId="8c84fa94-04c1-424b-9868-57a2d4851a1d">
      <Output>
      </Output>
    </UnitTestResult>
    <UnitTestResult executionId="cae4db29-0804-4fb5-8180-94a38aa1658d" testId="c10a87f3-f55f-b4f8-2c54-f90496d47f9f" testName="TestMethod25" computerName="Z-WIN2003" duration="00:00:00.0006695" startTime="2011-10-26T21:44:43.4218750+08:00" endTime="2011-10-26T21:44:43.4375000+08:00" testType="13cdc9d9-ddb5-4fa4-a97d-d965ccfc6d4b" outcome="Passed" testListId="8c84fa94-04c1-424b-9868-57a2d4851a1d">
      <Output>
      </Output>
    </UnitTestResult>
    <UnitTestResult executionId="824e6769-6447-4162-ad35-f135edac82ba" testId="cc58c9aa-9cdd-2062-d22a-05a1ac2e369f" testName="TestMethod14" computerName="Z-WIN2003" duration="00:00:00.0005944" startTime="2011-10-26T21:44:43.4375000+08:00" endTime="2011-10-26T21:44:43.4375000+08:00" testType="13cdc9d9-ddb5-4fa4-a97d-d965ccfc6d4b" outcome="Passed" testListId="8c84fa94-04c1-424b-9868-57a2d4851a1d">
      <Output>
      </Output>
    </UnitTestResult>
    <UnitTestResult executionId="318adacd-7cfe-4dd0-97ea-db0eb506aec8" testId="cde990db-50ba-66a7-aa35-be206de14a17" testName="TestMethod20" computerName="Z-WIN2003" duration="00:00:00.0009876" startTime="2011-10-26T21:44:43.4531250+08:00" endTime="2011-10-26T21:44:43.4531250+08:00" testType="13cdc9d9-ddb5-4fa4-a97d-d965ccfc6d4b" outcome="Passed" testListId="8c84fa94-04c1-424b-9868-57a2d4851a1d">
      <Output>
      </Output>
    </UnitTestResult>
    <UnitTestResult executionId="722a307e-8e44-4a3d-b716-ae37a489a3ba" testId="d4178c5f-56de-4eeb-9967-abf72c42fd30" testName="TestMethod12" computerName="Z-WIN2003" duration="00:00:00.0140601" startTime="2011-10-26T21:44:43.4531250+08:00" endTime="2011-10-26T21:44:43.4843750+08:00" testType="13cdc9d9-ddb5-4fa4-a97d-d965ccfc6d4b" outcome="Passed" testListId="8c84fa94-04c1-424b-9868-57a2d4851a1d">
      <Output>
      </Output>
    </UnitTestResult>
    <UnitTestResult executionId="342adeb8-60b4-4b36-8f2a-b93d57652f47" testId="d652f438-e1da-9bb6-2655-4cb51da4533b" testName="TestMethod7" computerName="Z-WIN2003" duration="00:00:00.0046207" startTime="2011-10-26T21:44:43.5000000+08:00" endTime="2011-10-26T21:44:43.5156250+08:00" testType="13cdc9d9-ddb5-4fa4-a97d-d965ccfc6d4b" outcome="Passed" testListId="8c84fa94-04c1-424b-9868-57a2d4851a1d">
      <Output>
      </Output>
    </UnitTestResult>
    <UnitTestResult executionId="11699bf2-5070-4f52-87a7-69872119042f" testId="de54fb41-c068-3f0d-9734-2d7b4221bcb6" testName="TestMethod3" computerName="Z-WIN2003" duration="00:00:00.0010081" startTime="2011-10-26T21:44:43.5312500+08:00" endTime="2011-10-26T21:44:43.5312500+08:00" testType="13cdc9d9-ddb5-4fa4-a97d-d965ccfc6d4b" outcome="Passed" testListId="8c84fa94-04c1-424b-9868-57a2d4851a1d">
      <Output>
      </Output>
    </UnitTestResult>
    <UnitTestResult executionId="8dedb060-4da9-4aff-8133-84ca043cedfb" testId="e3f31934-8db8-02a6-40b7-a8e9fd516ff2" testName="TestMethod17" computerName="Z-WIN2003" duration="00:00:00.0042106" startTime="2011-10-26T21:44:43.5468750+08:00" endTime="2011-10-26T21:44:43.5781250+08:00" testType="13cdc9d9-ddb5-4fa4-a97d-d965ccfc6d4b" outcome="Passed" testListId="8c84fa94-04c1-424b-9868-57a2d4851a1d">
      <Output>
      </Output>
    </UnitTestResult>
    <UnitTestResult executionId="8c47ae29-08af-40bc-a9c7-fa09c2b85ad4" testId="f9492d7d-41bc-5e0d-be4f-0d99271a58f2" testName="TestMethod5" computerName="Z-WIN2003" duration="00:00:00.0071369" startTime="2011-10-26T21:44:43.5781250+08:00" endTime="2011-10-26T21:44:43.5937500+08:00" testType="13cdc9d9-ddb5-4fa4-a97d-d965ccfc6d4b" outcome="Passed" testListId="8c84fa94-04c1-424b-9868-57a2d4851a1d">
      <Output>
      </Output>
    </UnitTestResult>
  </Results>
</TestRun>