<?xml version="1.0" encoding="UTF-8"?>
<TestRun id="43a41aa3-8b55-4605-a565-048c371628ed" name="Administrator@Z-WIN2003 2011-11-01 22:21:15" runUser="Z-WIN2003\Administrator" xmlns="http://microsoft.com/schemas/VisualStudio/TeamTest/2006">
  <TestRunConfiguration name="Local Test Run" id="1ff1a713-4bdb-454b-96a4-91f58c12e0d9">
    <Description>This is a default test run configuration for a local test run.</Description>
    <Deployment runDeploymentRoot="D:\ProjectGallery\CodeSample\CSharp\NHibernateSamples\TestResults\Administrator_Z-WIN2003 2011-11-01 22_21_15">
      <DeploymentItem filename="D:\ProjectGallery\SharedLibs\NHibernate\NHibernate.dll" />
      <DeploymentItem filename="D:\ProjectGallery\CodeSample\CSharp\NHibernateSamples\Domain\bin\Debug\Domain.dll" />
    </Deployment>
    <TestTypeSpecific />
  </TestRunConfiguration>
  <ResultSummary outcome="Failed">
    <Counters total="1" executed="1" error="0" failed="1" timeout="0" aborted="0" inconclusive="0" passedButRunAborted="0" notRunnable="0" notExecuted="0" disconnected="0" warning="0" passed="0" completed="0" inProgress="0" pending="0" />
  </ResultSummary>
  <Times creation="2011-11-01T22:21:15.9687500+08:00" queuing="2011-11-01T22:21:20.8593750+08:00" start="2011-11-01T22:21:21.9375000+08:00" finish="2011-11-01T22:21:27.6562500+08:00" />
  <TestDefinitions>
    <UnitTest name="GetProductByIdTest" storage="d:\projectgallery\codesample\csharp\nhibernatesamples\nhibernatesampletests\bin\debug\nhibernatesampletests.dll" id="1a3b6c7d-f18e-765f-80bb-2b2a490ab015">
      <Css projectStructure="" iteration="" />
      <Owners>
        <Owner name="" />
      </Owners>
      <Execution id="6653c18b-56b4-432e-9e07-fcd8abdd42cd" />
      <TestMethod codeBase="D:\ProjectGallery\CodeSample\CSharp\NHibernateSamples\NHibernateSampleTests\bin\Debug\NHibernateSampleTests.dll" adapterTypeName="Microsoft.VisualStudio.TestTools.TestTypes.Unit.UnitTestAdapter, Microsoft.VisualStudio.QualityTools.Tips.UnitTest.Adapter, Version=9.0.0.0, Culture=neutral, PublicKeyToken=b03f5f7f11d50a3a" className="NHibernateSampleTests.SampleTests, NHibernateSampleTests" name="GetProductByIdTest" />
    </UnitTest>
  </TestDefinitions>
  <TestLists>
    <TestList name="Results Not in a List" id="8c84fa94-04c1-424b-9868-57a2d4851a1d" />
    <TestList name="All Loaded Results" id="19431567-8539-422a-85d7-44ee4e166bda" />
  </TestLists>
  <TestEntries>
    <TestEntry testId="1a3b6c7d-f18e-765f-80bb-2b2a490ab015" executionId="6653c18b-56b4-432e-9e07-fcd8abdd42cd" testListId="8c84fa94-04c1-424b-9868-57a2d4851a1d" />
  </TestEntries>
  <Results>
    <UnitTestResult executionId="6653c18b-56b4-432e-9e07-fcd8abdd42cd" testId="1a3b6c7d-f18e-765f-80bb-2b2a490ab015" testName="GetProductByIdTest" computerName="Z-WIN2003" duration="00:00:03.2205664" startTime="2011-11-01T22:21:22.1875000+08:00" endTime="2011-11-01T22:21:27.4687500+08:00" testType="13cdc9d9-ddb5-4fa4-a97d-d965ccfc6d4b" outcome="Failed" testListId="8c84fa94-04c1-424b-9868-57a2d4851a1d">
      <Output>
        <ErrorInfo>
          <Message>Test method NHibernateSampleTests.SampleTests.GetProductByIdTest threw exception:  NHibernate.Cfg.HibernateConfigException: An exception occurred during configuration of persistence layer. ---&gt;  System.IO.FileNotFoundException: Could not find file 'D:\ProjectGallery\CodeSample\CSharp\NHibernateSamples\TestResults\Administrator_Z-WIN2003 2011-11-01 22_21_15\Out\hibernate.cfg.xml'..</Message>
          <StackTrace>    at System.IO.__Error.WinIOError(Int32 errorCode, String maybeFullPath)
   at System.IO.FileStream.Init(String path, FileMode mode, FileAccess access, Int32 rights, Boolean useRights, FileShare share, Int32 bufferSize, FileOptions options, SECURITY_ATTRIBUTES secAttrs, String msgPath, Boolean bFromProxy)
   at System.IO.FileStream..ctor(String path, FileMode mode, FileAccess access, FileShare share, Int32 bufferSize)
   at System.Xml.XmlDownloadManager.GetStream(Uri uri, ICredentials credentials)
   at System.Xml.XmlUrlResolver.GetEntity(Uri absoluteUri, String role, Type ofObjectToReturn)
   at System.Xml.XmlTextReaderImpl.OpenUrlDelegate(Object xmlResolver)
   at System.Threading.CompressedStack.runTryCode(Object userData)
   at System.Runtime.CompilerServices.RuntimeHelpers.ExecuteCodeWithGuaranteedCleanup(TryCode code, CleanupCode backoutCode, Object userData)
   at System.Threading.CompressedStack.Run(CompressedStack compressedStack, ContextCallback callback, Object state)
   at System.Xml.XmlTextReaderImpl.OpenUrl()
   at System.Xml.XmlTextReaderImpl.Read()
   at System.Xml.XmlTextReader.Read()
   at System.Xml.XmlCharCheckingReader.Read()
   at System.Xml.XsdValidatingReader.Read()
   at System.Xml.XPath.XPathDocument.LoadFromReader(XmlReader reader, XmlSpace space)
   at System.Xml.XPath.XPathDocument..ctor(XmlReader reader, XmlSpace space)
   at System.Xml.XPath.XPathDocument..ctor(XmlReader reader)
   at NHibernate.Cfg.ConfigurationSchema.HibernateConfiguration..ctor(XmlReader hbConfigurationReader, Boolean fromAppSetting)
 --- End of inner exception stack trace ---
    at NHibernate.Cfg.ConfigurationSchema.HibernateConfiguration..ctor(XmlReader hbConfigurationReader, Boolean fromAppSetting)
   at NHibernate.Cfg.Configuration.Configure(XmlReader textReader)
   at NHibernate.Cfg.Configuration.Configure(String fileName, Boolean ignoreSessionFactoryConfig)
   at NHibernate.Cfg.Configuration.Configure()
   at NHibernateSampleTests.NHibernateHelper.GetSessionFactory() in D:\ProjectGallery\CodeSample\CSharp\NHibernateSamples\NHibernateSampleTests\NHibernateHelper.cs:line 15
   at NHibernateSampleTests.NHibernateHelper..ctor() in D:\ProjectGallery\CodeSample\CSharp\NHibernateSamples\NHibernateSampleTests\NHibernateHelper.cs:line 11
   at NHibernateSampleTests.ProductDAL.Add(Product product) in D:\ProjectGallery\CodeSample\CSharp\NHibernateSamples\NHibernateSampleTests\ProductDAL.cs:line 14
   at NHibernateSampleTests.SampleTests.GetProductByIdTest() in D:\ProjectGallery\CodeSample\CSharp\NHibernateSamples\NHibernateSampleTests\SampleTests.cs:line 21
</StackTrace>
        </ErrorInfo>
      </Output>
    </UnitTestResult>
  </Results>
</TestRun>